Archive member included to satisfy reference by file (symbol)

c:/st/stm32cubeide_1.7.0/stm32cubeide/plugins/com.st.stm32cube.ide.mcu.externaltools.gnu-tools-for-stm32.9-2020-q2-update.win32_2.0.0.202105311346/tools/bin/../lib/gcc/arm-none-eabi/9.3.1/../../../../arm-none-eabi/lib/thumb/v7-m/nofp\libc_nano.a(lib_a-errno.o)
                              ./Core/Src/syscalls.o (__errno)
c:/st/stm32cubeide_1.7.0/stm32cubeide/plugins/com.st.stm32cube.ide.mcu.externaltools.gnu-tools-for-stm32.9-2020-q2-update.win32_2.0.0.202105311346/tools/bin/../lib/gcc/arm-none-eabi/9.3.1/../../../../arm-none-eabi/lib/thumb/v7-m/nofp\libc_nano.a(lib_a-exit.o)
                              c:/st/stm32cubeide_1.7.0/stm32cubeide/plugins/com.st.stm32cube.ide.mcu.externaltools.gnu-tools-for-stm32.9-2020-q2-update.win32_2.0.0.202105311346/tools/bin/../lib/gcc/arm-none-eabi/9.3.1/../../../../arm-none-eabi/lib/thumb/v7-m/nofp/crt0.o (exit)
c:/st/stm32cubeide_1.7.0/stm32cubeide/plugins/com.st.stm32cube.ide.mcu.externaltools.gnu-tools-for-stm32.9-2020-q2-update.win32_2.0.0.202105311346/tools/bin/../lib/gcc/arm-none-eabi/9.3.1/../../../../arm-none-eabi/lib/thumb/v7-m/nofp\libc_nano.a(lib_a-impure.o)
                              c:/st/stm32cubeide_1.7.0/stm32cubeide/plugins/com.st.stm32cube.ide.mcu.externaltools.gnu-tools-for-stm32.9-2020-q2-update.win32_2.0.0.202105311346/tools/bin/../lib/gcc/arm-none-eabi/9.3.1/../../../../arm-none-eabi/lib/thumb/v7-m/nofp\libc_nano.a(lib_a-exit.o) (_global_impure_ptr)
c:/st/stm32cubeide_1.7.0/stm32cubeide/plugins/com.st.stm32cube.ide.mcu.externaltools.gnu-tools-for-stm32.9-2020-q2-update.win32_2.0.0.202105311346/tools/bin/../lib/gcc/arm-none-eabi/9.3.1/../../../../arm-none-eabi/lib/thumb/v7-m/nofp\libc_nano.a(lib_a-init.o)
                              c:/st/stm32cubeide_1.7.0/stm32cubeide/plugins/com.st.stm32cube.ide.mcu.externaltools.gnu-tools-for-stm32.9-2020-q2-update.win32_2.0.0.202105311346/tools/bin/../lib/gcc/arm-none-eabi/9.3.1/../../../../arm-none-eabi/lib/thumb/v7-m/nofp/crt0.o (__libc_init_array)
c:/st/stm32cubeide_1.7.0/stm32cubeide/plugins/com.st.stm32cube.ide.mcu.externaltools.gnu-tools-for-stm32.9-2020-q2-update.win32_2.0.0.202105311346/tools/bin/../lib/gcc/arm-none-eabi/9.3.1/../../../../arm-none-eabi/lib/thumb/v7-m/nofp\libc_nano.a(lib_a-memset.o)
                              c:/st/stm32cubeide_1.7.0/stm32cubeide/plugins/com.st.stm32cube.ide.mcu.externaltools.gnu-tools-for-stm32.9-2020-q2-update.win32_2.0.0.202105311346/tools/bin/../lib/gcc/arm-none-eabi/9.3.1/../../../../arm-none-eabi/lib/thumb/v7-m/nofp/crt0.o (memset)

Allocating common symbols
Common symbol       size              file

uwTick              0x4               ./Drivers/STM32F1xx_HAL_Driver/Src/stm32f1xx_hal.o
pFlash              0x20              ./Drivers/STM32F1xx_HAL_Driver/Src/stm32f1xx_hal_flash.o
htim2               0x48              ./Core/Src/main.o

Discarded input sections

 .text          0x0000000000000000        0x0 c:/st/stm32cubeide_1.7.0/stm32cubeide/plugins/com.st.stm32cube.ide.mcu.externaltools.gnu-tools-for-stm32.9-2020-q2-update.win32_2.0.0.202105311346/tools/bin/../lib/gcc/arm-none-eabi/9.3.1/thumb/v7-m/nofp/crti.o
 .data          0x0000000000000000        0x0 c:/st/stm32cubeide_1.7.0/stm32cubeide/plugins/com.st.stm32cube.ide.mcu.externaltools.gnu-tools-for-stm32.9-2020-q2-update.win32_2.0.0.202105311346/tools/bin/../lib/gcc/arm-none-eabi/9.3.1/thumb/v7-m/nofp/crti.o
 .bss           0x0000000000000000        0x0 c:/st/stm32cubeide_1.7.0/stm32cubeide/plugins/com.st.stm32cube.ide.mcu.externaltools.gnu-tools-for-stm32.9-2020-q2-update.win32_2.0.0.202105311346/tools/bin/../lib/gcc/arm-none-eabi/9.3.1/thumb/v7-m/nofp/crti.o
 .data          0x0000000000000000        0x4 c:/st/stm32cubeide_1.7.0/stm32cubeide/plugins/com.st.stm32cube.ide.mcu.externaltools.gnu-tools-for-stm32.9-2020-q2-update.win32_2.0.0.202105311346/tools/bin/../lib/gcc/arm-none-eabi/9.3.1/thumb/v7-m/nofp/crtbegin.o
 .text          0x0000000000000000       0x7c c:/st/stm32cubeide_1.7.0/stm32cubeide/plugins/com.st.stm32cube.ide.mcu.externaltools.gnu-tools-for-stm32.9-2020-q2-update.win32_2.0.0.202105311346/tools/bin/../lib/gcc/arm-none-eabi/9.3.1/../../../../arm-none-eabi/lib/thumb/v7-m/nofp/crt0.o
 .data          0x0000000000000000        0x0 c:/st/stm32cubeide_1.7.0/stm32cubeide/plugins/com.st.stm32cube.ide.mcu.externaltools.gnu-tools-for-stm32.9-2020-q2-update.win32_2.0.0.202105311346/tools/bin/../lib/gcc/arm-none-eabi/9.3.1/../../../../arm-none-eabi/lib/thumb/v7-m/nofp/crt0.o
 .bss           0x0000000000000000        0x0 c:/st/stm32cubeide_1.7.0/stm32cubeide/plugins/com.st.stm32cube.ide.mcu.externaltools.gnu-tools-for-stm32.9-2020-q2-update.win32_2.0.0.202105311346/tools/bin/../lib/gcc/arm-none-eabi/9.3.1/../../../../arm-none-eabi/lib/thumb/v7-m/nofp/crt0.o
[...]
Memory Configuration

Name             Origin             Length             Attributes
RAM              0x0000000020000000 0x0000000000002800 xrw
FLASH            0x0000000008000000 0x0000000000008000 xr
*default*        0x0000000000000000 0xffffffffffffffff

Linker script and memory map

LOAD c:/st/stm32cubeide_1.7.0/stm32cubeide/plugins/com.st.stm32cube.ide.mcu.externaltools.gnu-tools-for-stm32.9-2020-q2-update.win32_2.0.0.202105311346/tools/bin/../lib/gcc/arm-none-eabi/9.3.1/thumb/v7-m/nofp/crti.o
LOAD c:/st/stm32cubeide_1.7.0/stm32cubeide/plugins/com.st.stm32cube.ide.mcu.externaltools.gnu-tools-for-stm32.9-2020-q2-update.win32_2.0.0.202105311346/tools/bin/../lib/gcc/arm-none-eabi/9.3.1/thumb/v7-m/nofp/crtbegin.o
LOAD c:/st/stm32cubeide_1.7.0/stm32cubeide/plugins/com.st.stm32cube.ide.mcu.externaltools.gnu-tools-for-stm32.9-2020-q2-update.win32_2.0.0.202105311346/tools/bin/../lib/gcc/arm-none-eabi/9.3.1/../../../../arm-none-eabi/lib/thumb/v7-m/nofp/crt0.o
LOAD ./Core/Src/fsm_automatic.o
LOAD ./Core/Src/fsm_manual.o
LOAD ./Core/Src/global.o
LOAD ./Core/Src/input_processing.o
LOAD ./Core/Src/input_reading.o
LOAD ./Core/Src/main.o
LOAD ./Core/Src/seven_seg.o
LOAD ./Core/Src/stm32f1xx_hal_msp.o
LOAD ./Core/Src/stm32f1xx_it.o
LOAD ./Core/Src/syscalls.o
LOAD ./Core/Src/sysmem.o
LOAD ./Core/Src/system_stm32f1xx.o
LOAD ./Core/Src/timer.o
LOAD ./Core/Startup/startup_stm32f103c6ux.o
LOAD ./Drivers/STM32F1xx_HAL_Driver/Src/stm32f1xx_hal.o
LOAD ./Drivers/STM32F1xx_HAL_Driver/Src/stm32f1xx_hal_cortex.o
LOAD ./Drivers/STM32F1xx_HAL_Driver/Src/stm32f1xx_hal_dma.o
LOAD ./Drivers/STM32F1xx_HAL_Driver/Src/stm32f1xx_hal_exti.o
LOAD ./Drivers/STM32F1xx_HAL_Driver/Src/stm32f1xx_hal_flash.o
LOAD ./Drivers/STM32F1xx_HAL_Driver/Src/stm32f1xx_hal_flash_ex.o
LOAD ./Drivers/STM32F1xx_HAL_Driver/Src/stm32f1xx_hal_gpio.o
LOAD ./Drivers/STM32F1xx_HAL_Driver/Src/stm32f1xx_hal_gpio_ex.o
LOAD ./Drivers/STM32F1xx_HAL_Driver/Src/stm32f1xx_hal_pwr.o
LOAD ./Drivers/STM32F1xx_HAL_Driver/Src/stm32f1xx_hal_rcc.o
LOAD ./Drivers/STM32F1xx_HAL_Driver/Src/stm32f1xx_hal_rcc_ex.o
LOAD ./Drivers/STM32F1xx_HAL_Driver/Src/stm32f1xx_hal_tim.o
LOAD ./Drivers/STM32F1xx_HAL_Driver/Src/stm32f1xx_hal_tim_ex.o
START GROUP
LOAD c:/st/stm32cubeide_1.7.0/stm32cubeide/plugins/com.st.stm32cube.ide.mcu.externaltools.gnu-tools-for-stm32.9-2020-q2-update.win32_2.0.0.202105311346/tools/bin/../lib/gcc/arm-none-eabi/9.3.1/../../../../arm-none-eabi/lib/thumb/v7-m/nofp\libc_nano.a
LOAD c:/st/stm32cubeide_1.7.0/stm32cubeide/plugins/com.st.stm32cube.ide.mcu.externaltools.gnu-tools-for-stm32.9-2020-q2-update.win32_2.0.0.202105311346/tools/bin/../lib/gcc/arm-none-eabi/9.3.1/../../../../arm-none-eabi/lib/thumb/v7-m/nofp\libm.a
END GROUP
START GROUP
LOAD c:/st/stm32cubeide_1.7.0/stm32cubeide/plugins/com.st.stm32cube.ide.mcu.externaltools.gnu-tools-for-stm32.9-2020-q2-update.win32_2.0.0.202105311346/tools/bin/../lib/gcc/arm-none-eabi/9.3.1/thumb/v7-m/nofp\libgcc.a
LOAD c:/st/stm32cubeide_1.7.0/stm32cubeide/plugins/com.st.stm32cube.ide.mcu.externaltools.gnu-tools-for-stm32.9-2020-q2-update.win32_2.0.0.202105311346/tools/bin/../lib/gcc/arm-none-eabi/9.3.1/../../../../arm-none-eabi/lib/thumb/v7-m/nofp\libc_nano.a
END GROUP
START GROUP
LOAD c:/st/stm32cubeide_1.7.0/stm32cubeide/plugins/com.st.stm32cube.ide.mcu.externaltools.gnu-tools-for-stm32.9-2020-q2-update.win32_2.0.0.202105311346/tools/bin/../lib/gcc/arm-none-eabi/9.3.1/thumb/v7-m/nofp\libgcc.a
LOAD c:/st/stm32cubeide_1.7.0/stm32cubeide/plugins/com.st.stm32cube.ide.mcu.externaltools.gnu-tools-for-stm32.9-2020-q2-update.win32_2.0.0.202105311346/tools/bin/../lib/gcc/arm-none-eabi/9.3.1/../../../../arm-none-eabi/lib/thumb/v7-m/nofp\libc_nano.a
LOAD c:/st/stm32cubeide_1.7.0/stm32cubeide/plugins/com.st.stm32cube.ide.mcu.externaltools.gnu-tools-for-stm32.9-2020-q2-update.win32_2.0.0.202105311346/tools/bin/../lib/gcc/arm-none-eabi/9.3.1/../../../../arm-none-eabi/lib/thumb/v7-m/nofp\libnosys.a
END GROUP
START GROUP
LOAD c:/st/stm32cubeide_1.7.0/stm32cubeide/plugins/com.st.stm32cube.ide.mcu.externaltools.gnu-tools-for-stm32.9-2020-q2-update.win32_2.0.0.202105311346/tools/bin/../lib/gcc/arm-none-eabi/9.3.1/thumb/v7-m/nofp\libgcc.a
LOAD c:/st/stm32cubeide_1.7.0/stm32cubeide/plugins/com.st.stm32cube.ide.mcu.externaltools.gnu-tools-for-stm32.9-2020-q2-update.win32_2.0.0.202105311346/tools/bin/../lib/gcc/arm-none-eabi/9.3.1/../../../../arm-none-eabi/lib/thumb/v7-m/nofp\libc_nano.a
LOAD c:/st/stm32cubeide_1.7.0/stm32cubeide/plugins/com.st.stm32cube.ide.mcu.externaltools.gnu-tools-for-stm32.9-2020-q2-update.win32_2.0.0.202105311346/tools/bin/../lib/gcc/arm-none-eabi/9.3.1/../../../../arm-none-eabi/lib/thumb/v7-m/nofp\libnosys.a
END GROUP
LOAD c:/st/stm32cubeide_1.7.0/stm32cubeide/plugins/com.st.stm32cube.ide.mcu.externaltools.gnu-tools-for-stm32.9-2020-q2-update.win32_2.0.0.202105311346/tools/bin/../lib/gcc/arm-none-eabi/9.3.1/thumb/v7-m/nofp/crtend.o
LOAD c:/st/stm32cubeide_1.7.0/stm32cubeide/plugins/com.st.stm32cube.ide.mcu.externaltools.gnu-tools-for-stm32.9-2020-q2-update.win32_2.0.0.202105311346/tools/bin/../lib/gcc/arm-none-eabi/9.3.1/thumb/v7-m/nofp/crtn.o
                0x0000000020002800                _estack = (ORIGIN (RAM) + LENGTH (RAM))
                0x0000000000000200                _Min_Heap_Size = 0x200
                0x0000000000000400                _Min_Stack_Size = 0x400

.isr_vector     0x0000000008000000      0x10c
                0x0000000008000000                . = ALIGN (0x4)
 *(.isr_vector)
 .isr_vector    0x0000000008000000      0x10c ./Core/Startup/startup_stm32f103c6ux.o
                0x0000000008000000                g_pfnVectors
                0x000000000800010c                . = ALIGN (0x4)

.text           0x000000000800010c     0x2828
                0x000000000800010c                . = ALIGN (0x4)
 *(.text)
 .text          0x000000000800010c       0x40 c:/st/stm32cubeide_1.7.0/stm32cubeide/plugins/com.st.stm32cube.ide.mcu.externaltools.gnu-tools-for-stm32.9-2020-q2-update.win32_2.0.0.202105311346/tools/bin/../lib/gcc/arm-none-eabi/9.3.1/thumb/v7-m/nofp/crtbegin.o
 *(.text*)
 .text.fsm_automatic
                0x000000000800014c      0x270 ./Core/Src/fsm_automatic.o
                0x000000000800014c                fsm_automatic
 .text.fsm_red_manual
                0x00000000080003bc       0x8c ./Core/Src/fsm_manual.o
                0x00000000080003bc                fsm_red_manual
 .text.fsm_amber_manual
                0x0000000008000448       0x8c ./Core/Src/fsm_manual.o
                0x0000000008000448                fsm_amber_manual
 .text.fsm_green_manual
                0x00000000080004d4       0x90 ./Core/Src/fsm_manual.o
                0x00000000080004d4                fsm_green_manual
 .text.led_config
                0x0000000008000564      0x104 ./Core/Src/global.o
                0x0000000008000564                led_config
 .text.fsm_button_processing
                0x0000000008000668      0x310 ./Core/Src/input_processing.o
                0x0000000008000668                fsm_button_processing
 .text.button_reading
                0x0000000008000978       0xc8 ./Core/Src/input_reading.o
                0x0000000008000978                button_reading
 .text.is_button_pressed
                0x0000000008000a40       0x34 ./Core/Src/input_reading.o
                0x0000000008000a40                is_button_pressed
 .text.is_button_pressed_1s
                0x0000000008000a74       0x34 ./Core/Src/input_reading.o
                0x0000000008000a74                is_button_pressed_1s
 .text.main     0x0000000008000aa8       0x68 ./Core/Src/main.o
                0x0000000008000aa8                main
 .text.SystemClock_Config
                0x0000000008000b10       0x76 ./Core/Src/main.o
                0x0000000008000b10                SystemClock_Config
 *fill*         0x0000000008000b86        0x2 
 .text.MX_TIM2_Init
                0x0000000008000b88       0x98 ./Core/Src/main.o
 .text.MX_GPIO_Init
                0x0000000008000c20       0xc4 ./Core/Src/main.o
 .text.HAL_TIM_PeriodElapsedCallback
                0x0000000008000ce4       0x18 ./Core/Src/main.o
                0x0000000008000ce4                HAL_TIM_PeriodElapsedCallback
 .text.Error_Handler
                0x0000000008000cfc        0xa ./Core/Src/main.o
                0x0000000008000cfc                Error_Handler
 *fill*         0x0000000008000d06        0x2 
 .text.display7SEG
                0x0000000008000d08      0x14c ./Core/Src/seven_seg.o
                0x0000000008000d08                display7SEG
 .text.update7SEG
                0x0000000008000e54       0xc0 ./Core/Src/seven_seg.o
                0x0000000008000e54                update7SEG
 .text.update7SEG_buffer_auto
                0x0000000008000f14       0x68 ./Core/Src/seven_seg.o
                0x0000000008000f14                update7SEG_buffer_auto
 .text.update7SEG_buffer_manual
                0x0000000008000f7c       0x50 ./Core/Src/seven_seg.o
                0x0000000008000f7c                update7SEG_buffer_manual
 .text.HAL_MspInit
                0x0000000008000fcc       0x64 ./Core/Src/stm32f1xx_hal_msp.o
                0x0000000008000fcc                HAL_MspInit
 .text.HAL_TIM_Base_MspInit
                0x0000000008001030       0x48 ./Core/Src/stm32f1xx_hal_msp.o
                0x0000000008001030                HAL_TIM_Base_MspInit
 .text.NMI_Handler
                0x0000000008001078        0x6 ./Core/Src/stm32f1xx_it.o
                0x0000000008001078                NMI_Handler
 .text.HardFault_Handler
                0x000000000800107e        0x6 ./Core/Src/stm32f1xx_it.o
                0x000000000800107e                HardFault_Handler
 .text.MemManage_Handler
                0x0000000008001084        0x6 ./Core/Src/stm32f1xx_it.o
                0x0000000008001084                MemManage_Handler
 .text.BusFault_Handler
                0x000000000800108a        0x6 ./Core/Src/stm32f1xx_it.o
                0x000000000800108a                BusFault_Handler
 .text.UsageFault_Handler
                0x0000000008001090        0x6 ./Core/Src/stm32f1xx_it.o
                0x0000000008001090                UsageFault_Handler
 .text.SVC_Handler
                0x0000000008001096        0xc ./Core/Src/stm32f1xx_it.o
                0x0000000008001096                SVC_Handler
 .text.DebugMon_Handler
                0x00000000080010a2        0xc ./Core/Src/stm32f1xx_it.o
                0x00000000080010a2                DebugMon_Handler
 .text.PendSV_Handler
                0x00000000080010ae        0xc ./Core/Src/stm32f1xx_it.o
                0x00000000080010ae                PendSV_Handler
 .text.SysTick_Handler
                0x00000000080010ba        0xc ./Core/Src/stm32f1xx_it.o
                0x00000000080010ba                SysTick_Handler
 *fill*         0x00000000080010c6        0x2 
 .text.TIM2_IRQHandler
                0x00000000080010c8       0x14 ./Core/Src/stm32f1xx_it.o
                0x00000000080010c8                TIM2_IRQHandler
 .text.SystemInit
                0x00000000080010dc        0xc ./Core/Src/system_stm32f1xx.o
                0x00000000080010dc                SystemInit
 .text.setTimer0
                0x00000000080010e8       0x34 ./Core/Src/timer.o
                0x00000000080010e8                setTimer0
 .text.setTimer1
                0x000000000800111c       0x34 ./Core/Src/timer.o
                0x000000000800111c                setTimer1
 .text.setTimer2
                0x0000000008001150       0x34 ./Core/Src/timer.o
                0x0000000008001150                setTimer2
 .text.setTimer4
                0x0000000008001184       0x34 ./Core/Src/timer.o
                0x0000000008001184                setTimer4
 .text.timer_run
                0x00000000080011b8       0xd4 ./Core/Src/timer.o
                0x00000000080011b8                timer_run
 .text.Reset_Handler
                0x000000000800128c       0x48 ./Core/Startup/startup_stm32f103c6ux.o
                0x000000000800128c                Reset_Handler
 .text.Default_Handler
                0x00000000080012d4        0x2 ./Core/Startup/startup_stm32f103c6ux.o
                0x00000000080012d4                RTC_Alarm_IRQHandler
                0x00000000080012d4                EXTI2_IRQHandler
                0x00000000080012d4                TIM1_CC_IRQHandler
                0x00000000080012d4                PVD_IRQHandler
                0x00000000080012d4                EXTI3_IRQHandler
                0x00000000080012d4                EXTI0_IRQHandler
                0x00000000080012d4                ADC1_2_IRQHandler
                0x00000000080012d4                SPI1_IRQHandler
                0x00000000080012d4                TAMPER_IRQHandler
                0x00000000080012d4                DMA1_Channel4_IRQHandler
                0x00000000080012d4                RTC_IRQHandler
                0x00000000080012d4                DMA1_Channel7_IRQHandler
                0x00000000080012d4                CAN1_RX1_IRQHandler
                0x00000000080012d4                I2C1_EV_IRQHandler
                0x00000000080012d4                DMA1_Channel6_IRQHandler
                0x00000000080012d4                TIM3_IRQHandler
                0x00000000080012d4                RCC_IRQHandler
                0x00000000080012d4                TIM1_TRG_COM_IRQHandler
                0x00000000080012d4                DMA1_Channel1_IRQHandler
                0x00000000080012d4                Default_Handler
                0x00000000080012d4                EXTI15_10_IRQHandler
                0x00000000080012d4                EXTI9_5_IRQHandler
                0x00000000080012d4                DMA1_Channel5_IRQHandler
                0x00000000080012d4                EXTI4_IRQHandler
                0x00000000080012d4                USB_LP_CAN1_RX0_IRQHandler
                0x00000000080012d4                USB_HP_CAN1_TX_IRQHandler
                0x00000000080012d4                DMA1_Channel3_IRQHandler
                0x00000000080012d4                TIM1_UP_IRQHandler
                0x00000000080012d4                WWDG_IRQHandler
                0x00000000080012d4                TIM1_BRK_IRQHandler
                0x00000000080012d4                EXTI1_IRQHandler
                0x00000000080012d4                USART2_IRQHandler
                0x00000000080012d4                DMA1_Channel2_IRQHandler
                0x00000000080012d4                CAN1_SCE_IRQHandler
                0x00000000080012d4                FLASH_IRQHandler
                0x00000000080012d4                USART1_IRQHandler
                0x00000000080012d4                I2C1_ER_IRQHandler
                0x00000000080012d4                USBWakeUp_IRQHandler
 *fill*         0x00000000080012d6        0x2 
 .text.HAL_Init
                0x00000000080012d8       0x2c ./Drivers/STM32F1xx_HAL_Driver/Src/stm32f1xx_hal.o
                0x00000000080012d8                HAL_Init
 .text.HAL_InitTick
                0x0000000008001304       0x60 ./Drivers/STM32F1xx_HAL_Driver/Src/stm32f1xx_hal.o
                0x0000000008001304                HAL_InitTick
 .text.HAL_IncTick
                0x0000000008001364       0x24 ./Drivers/STM32F1xx_HAL_Driver/Src/stm32f1xx_hal.o
                0x0000000008001364                HAL_IncTick
 .text.HAL_GetTick
                0x0000000008001388       0x14 ./Drivers/STM32F1xx_HAL_Driver/Src/stm32f1xx_hal.o
                0x0000000008001388                HAL_GetTick
 .text.__NVIC_SetPriorityGrouping
                0x000000000800139c       0x48 ./Drivers/STM32F1xx_HAL_Driver/Src/stm32f1xx_hal_cortex.o
 .text.__NVIC_GetPriorityGrouping
                0x00000000080013e4       0x1c ./Drivers/STM32F1xx_HAL_Driver/Src/stm32f1xx_hal_cortex.o
 .text.__NVIC_EnableIRQ
                0x0000000008001400       0x38 ./Drivers/STM32F1xx_HAL_Driver/Src/stm32f1xx_hal_cortex.o
 .text.__NVIC_SetPriority
                0x0000000008001438       0x54 ./Drivers/STM32F1xx_HAL_Driver/Src/stm32f1xx_hal_cortex.o
 .text.NVIC_EncodePriority
                0x000000000800148c       0x64 ./Drivers/STM32F1xx_HAL_Driver/Src/stm32f1xx_hal_cortex.o
 .text.SysTick_Config
                0x00000000080014f0       0x44 ./Drivers/STM32F1xx_HAL_Driver/Src/stm32f1xx_hal_cortex.o
 .text.HAL_NVIC_SetPriorityGrouping
                0x0000000008001534       0x16 ./Drivers/STM32F1xx_HAL_Driver/Src/stm32f1xx_hal_cortex.o
                0x0000000008001534                HAL_NVIC_SetPriorityGrouping
 .text.HAL_NVIC_SetPriority
                0x000000000800154a       0x38 ./Drivers/STM32F1xx_HAL_Driver/Src/stm32f1xx_hal_cortex.o
                0x000000000800154a                HAL_NVIC_SetPriority
 .text.HAL_NVIC_EnableIRQ
                0x0000000008001582       0x1c ./Drivers/STM32F1xx_HAL_Driver/Src/stm32f1xx_hal_cortex.o
                0x0000000008001582                HAL_NVIC_EnableIRQ
 .text.HAL_SYSTICK_Config
                0x000000000800159e       0x18 ./Drivers/STM32F1xx_HAL_Driver/Src/stm32f1xx_hal_cortex.o
                0x000000000800159e                HAL_SYSTICK_Config
 *fill*         0x00000000080015b6        0x2 
 .text.HAL_GPIO_Init
                0x00000000080015b8      0x2f4 ./Drivers/STM32F1xx_HAL_Driver/Src/stm32f1xx_hal_gpio.o
                0x00000000080015b8                HAL_GPIO_Init
 .text.HAL_GPIO_ReadPin
                0x00000000080018ac       0x2e ./Drivers/STM32F1xx_HAL_Driver/Src/stm32f1xx_hal_gpio.o
                0x00000000080018ac                HAL_GPIO_ReadPin
 .text.HAL_GPIO_WritePin
                0x00000000080018da       0x30 ./Drivers/STM32F1xx_HAL_Driver/Src/stm32f1xx_hal_gpio.o
                0x00000000080018da                HAL_GPIO_WritePin
 .text.HAL_GPIO_TogglePin
                0x000000000800190a       0x32 ./Drivers/STM32F1xx_HAL_Driver/Src/stm32f1xx_hal_gpio.o
                0x000000000800190a                HAL_GPIO_TogglePin
 .text.HAL_RCC_OscConfig
                0x000000000800193c      0x500 ./Drivers/STM32F1xx_HAL_Driver/Src/stm32f1xx_hal_rcc.o
                0x000000000800193c                HAL_RCC_OscConfig
 .text.HAL_RCC_ClockConfig
                0x0000000008001e3c      0x1d4 ./Drivers/STM32F1xx_HAL_Driver/Src/stm32f1xx_hal_rcc.o
                0x0000000008001e3c                HAL_RCC_ClockConfig
 .text.HAL_RCC_GetSysClockFreq
                0x0000000008002010       0xa8 ./Drivers/STM32F1xx_HAL_Driver/Src/stm32f1xx_hal_rcc.o
                0x0000000008002010                HAL_RCC_GetSysClockFreq
 .text.RCC_Delay
                0x00000000080020b8       0x3c ./Drivers/STM32F1xx_HAL_Driver/Src/stm32f1xx_hal_rcc.o
 .text.HAL_TIM_Base_Init
                0x00000000080020f4       0x9e ./Drivers/STM32F1xx_HAL_Driver/Src/stm32f1xx_hal_tim.o
                0x00000000080020f4                HAL_TIM_Base_Init
 *fill*         0x0000000008002192        0x2 
 .text.HAL_TIM_Base_Start_IT
                0x0000000008002194       0x98 ./Drivers/STM32F1xx_HAL_Driver/Src/stm32f1xx_hal_tim.o
                0x0000000008002194                HAL_TIM_Base_Start_IT
 .text.HAL_TIM_IRQHandler
                0x000000000800222c      0x210 ./Drivers/STM32F1xx_HAL_Driver/Src/stm32f1xx_hal_tim.o
                0x000000000800222c                HAL_TIM_IRQHandler
 .text.HAL_TIM_ConfigClockSource
                0x000000000800243c      0x18e ./Drivers/STM32F1xx_HAL_Driver/Src/stm32f1xx_hal_tim.o
                0x000000000800243c                HAL_TIM_ConfigClockSource
 .text.HAL_TIM_OC_DelayElapsedCallback
                0x00000000080025ca       0x12 ./Drivers/STM32F1xx_HAL_Driver/Src/stm32f1xx_hal_tim.o
                0x00000000080025ca                HAL_TIM_OC_DelayElapsedCallback
 .text.HAL_TIM_IC_CaptureCallback
                0x00000000080025dc       0x12 ./Drivers/STM32F1xx_HAL_Driver/Src/stm32f1xx_hal_tim.o
                0x00000000080025dc                HAL_TIM_IC_CaptureCallback
 .text.HAL_TIM_PWM_PulseFinishedCallback
                0x00000000080025ee       0x12 ./Drivers/STM32F1xx_HAL_Driver/Src/stm32f1xx_hal_tim.o
                0x00000000080025ee                HAL_TIM_PWM_PulseFinishedCallback
 .text.HAL_TIM_TriggerCallback
                0x0000000008002600       0x12 ./Drivers/STM32F1xx_HAL_Driver/Src/stm32f1xx_hal_tim.o
                0x0000000008002600                HAL_TIM_TriggerCallback
 *fill*         0x0000000008002612        0x2 
 .text.TIM_Base_SetConfig
                0x0000000008002614       0xb0 ./Drivers/STM32F1xx_HAL_Driver/Src/stm32f1xx_hal_tim.o
                0x0000000008002614                TIM_Base_SetConfig
 .text.TIM_TI1_ConfigInputStage
                0x00000000080026c4       0x5c ./Drivers/STM32F1xx_HAL_Driver/Src/stm32f1xx_hal_tim.o
 .text.TIM_TI2_ConfigInputStage
                0x0000000008002720       0x5e ./Drivers/STM32F1xx_HAL_Driver/Src/stm32f1xx_hal_tim.o
 .text.TIM_ITRx_SetConfig
                0x000000000800277e       0x34 ./Drivers/STM32F1xx_HAL_Driver/Src/stm32f1xx_hal_tim.o
 .text.TIM_ETR_SetConfig
                0x00000000080027b2       0x3e ./Drivers/STM32F1xx_HAL_Driver/Src/stm32f1xx_hal_tim.o
                0x00000000080027b2                TIM_ETR_SetConfig
 .text.HAL_TIMEx_MasterConfigSynchronization
                0x00000000080027f0       0xb0 ./Drivers/STM32F1xx_HAL_Driver/Src/stm32f1xx_hal_tim_ex.o
                0x00000000080027f0                HAL_TIMEx_MasterConfigSynchronization
 .text.HAL_TIMEx_CommutCallback
                0x00000000080028a0       0x12 ./Drivers/STM32F1xx_HAL_Driver/Src/stm32f1xx_hal_tim_ex.o
                0x00000000080028a0                HAL_TIMEx_CommutCallback
 .text.HAL_TIMEx_BreakCallback
                0x00000000080028b2       0x12 ./Drivers/STM32F1xx_HAL_Driver/Src/stm32f1xx_hal_tim_ex.o
                0x00000000080028b2                HAL_TIMEx_BreakCallback
 .text.__libc_init_array
                0x00000000080028c4       0x48 c:/st/stm32cubeide_1.7.0/stm32cubeide/plugins/com.st.stm32cube.ide.mcu.externaltools.gnu-tools-for-stm32.9-2020-q2-update.win32_2.0.0.202105311346/tools/bin/../lib/gcc/arm-none-eabi/9.3.1/../../../../arm-none-eabi/lib/thumb/v7-m/nofp\libc_nano.a(lib_a-init.o)
                0x00000000080028c4                __libc_init_array
 .text.memset   0x000000000800290c       0x10 c:/st/stm32cubeide_1.7.0/stm32cubeide/plugins/com.st.stm32cube.ide.mcu.externaltools.gnu-tools-for-stm32.9-2020-q2-update.win32_2.0.0.202105311346/tools/bin/../lib/gcc/arm-none-eabi/9.3.1/../../../../arm-none-eabi/lib/thumb/v7-m/nofp\libc_nano.a(lib_a-memset.o)
                0x000000000800290c                memset
 *(.glue_7)
 .glue_7        0x000000000800291c        0x0 linker stubs
 *(.glue_7t)
 .glue_7t       0x000000000800291c        0x0 linker stubs
 *(.eh_frame)
 .eh_frame      0x000000000800291c        0x0 c:/st/stm32cubeide_1.7.0/stm32cubeide/plugins/com.st.stm32cube.ide.mcu.externaltools.gnu-tools-for-stm32.9-2020-q2-update.win32_2.0.0.202105311346/tools/bin/../lib/gcc/arm-none-eabi/9.3.1/thumb/v7-m/nofp/crtbegin.o
 *(.init)
 .init          0x000000000800291c        0x4 c:/st/stm32cubeide_1.7.0/stm32cubeide/plugins/com.st.stm32cube.ide.mcu.externaltools.gnu-tools-for-stm32.9-2020-q2-update.win32_2.0.0.202105311346/tools/bin/../lib/gcc/arm-none-eabi/9.3.1/thumb/v7-m/nofp/crti.o
                0x000000000800291c                _init
 .init          0x0000000008002920        0x8 c:/st/stm32cubeide_1.7.0/stm32cubeide/plugins/com.st.stm32cube.ide.mcu.externaltools.gnu-tools-for-stm32.9-2020-q2-update.win32_2.0.0.202105311346/tools/bin/../lib/gcc/arm-none-eabi/9.3.1/thumb/v7-m/nofp/crtn.o
 *(.fini)
 .fini          0x0000000008002928        0x4 c:/st/stm32cubeide_1.7.0/stm32cubeide/plugins/com.st.stm32cube.ide.mcu.externaltools.gnu-tools-for-stm32.9-2020-q2-update.win32_2.0.0.202105311346/tools/bin/../lib/gcc/arm-none-eabi/9.3.1/thumb/v7-m/nofp/crti.o
                0x0000000008002928                _fini
 .fini          0x000000000800292c        0x8 c:/st/stm32cubeide_1.7.0/stm32cubeide/plugins/com.st.stm32cube.ide.mcu.externaltools.gnu-tools-for-stm32.9-2020-q2-update.win32_2.0.0.202105311346/tools/bin/../lib/gcc/arm-none-eabi/9.3.1/thumb/v7-m/nofp/crtn.o
                0x0000000008002934                . = ALIGN (0x4)
                0x0000000008002934                _etext = .

.vfp11_veneer   0x0000000008002934        0x0
 .vfp11_veneer  0x0000000008002934        0x0 linker stubs

.v4_bx          0x0000000008002934        0x0
 .v4_bx         0x0000000008002934        0x0 linker stubs

.iplt           0x0000000008002934        0x0
 .iplt          0x0000000008002934        0x0 c:/st/stm32cubeide_1.7.0/stm32cubeide/plugins/com.st.stm32cube.ide.mcu.externaltools.gnu-tools-for-stm32.9-2020-q2-update.win32_2.0.0.202105311346/tools/bin/../lib/gcc/arm-none-eabi/9.3.1/thumb/v7-m/nofp/crtbegin.o

.rodata         0x0000000008002934       0x24
                0x0000000008002934                . = ALIGN (0x4)
 *(.rodata)
 *(.rodata*)
 .rodata.AHBPrescTable
                0x0000000008002934       0x10 ./Core/Src/system_stm32f1xx.o
                0x0000000008002934                AHBPrescTable
 .rodata.aPLLMULFactorTable.6032
                0x0000000008002944       0x10 ./Drivers/STM32F1xx_HAL_Driver/Src/stm32f1xx_hal_rcc.o
 .rodata.aPredivFactorTable.6033
                0x0000000008002954        0x2 ./Drivers/STM32F1xx_HAL_Driver/Src/stm32f1xx_hal_rcc.o
                0x0000000008002958                . = ALIGN (0x4)
 *fill*         0x0000000008002956        0x2 

.rel.dyn        0x0000000008002958        0x0
 .rel.iplt      0x0000000008002958        0x0 c:/st/stm32cubeide_1.7.0/stm32cubeide/plugins/com.st.stm32cube.ide.mcu.externaltools.gnu-tools-for-stm32.9-2020-q2-update.win32_2.0.0.202105311346/tools/bin/../lib/gcc/arm-none-eabi/9.3.1/thumb/v7-m/nofp/crtbegin.o

.ARM.extab      0x0000000008002958        0x0
                0x0000000008002958                . = ALIGN (0x4)
 *(.ARM.extab* .gnu.linkonce.armextab.*)
                0x0000000008002958                . = ALIGN (0x4)

.ARM            0x0000000008002958        0x0
                0x0000000008002958                . = ALIGN (0x4)
                0x0000000008002958                __exidx_start = .
 *(.ARM.exidx*)
                0x0000000008002958                __exidx_end = .
                0x0000000008002958                . = ALIGN (0x4)

.preinit_array  0x0000000008002958        0x0
                0x0000000008002958                . = ALIGN (0x4)
                0x0000000008002958                PROVIDE (__preinit_array_start = .)
 *(.preinit_array*)
                0x0000000008002958                PROVIDE (__preinit_array_end = .)
                0x0000000008002958                . = ALIGN (0x4)

.init_array     0x0000000008002958        0x4
                0x0000000008002958                . = ALIGN (0x4)
                0x0000000008002958                PROVIDE (__init_array_start = .)
 *(SORT_BY_NAME(.init_array.*))
 *(.init_array*)
 .init_array    0x0000000008002958        0x4 c:/st/stm32cubeide_1.7.0/stm32cubeide/plugins/com.st.stm32cube.ide.mcu.externaltools.gnu-tools-for-stm32.9-2020-q2-update.win32_2.0.0.202105311346/tools/bin/../lib/gcc/arm-none-eabi/9.3.1/thumb/v7-m/nofp/crtbegin.o
                0x000000000800295c                PROVIDE (__init_array_end = .)
                0x000000000800295c                . = ALIGN (0x4)

.fini_array     0x000000000800295c        0x4
                0x000000000800295c                . = ALIGN (0x4)
                [!provide]                        PROVIDE (__fini_array_start = .)
 *(SORT_BY_NAME(.fini_array.*))
 *(.fini_array*)
 .fini_array    0x000000000800295c        0x4 c:/st/stm32cubeide_1.7.0/stm32cubeide/plugins/com.st.stm32cube.ide.mcu.externaltools.gnu-tools-for-stm32.9-2020-q2-update.win32_2.0.0.202105311346/tools/bin/../lib/gcc/arm-none-eabi/9.3.1/thumb/v7-m/nofp/crtbegin.o
                [!provide]                        PROVIDE (__fini_array_end = .)
                0x0000000008002960                . = ALIGN (0x4)
                0x0000000008002960                _sidata = LOADADDR (.data)

.data           0x0000000020000000       0x3c load address 0x0000000008002960
                0x0000000020000000                . = ALIGN (0x4)
                0x0000000020000000                _sdata = .
 *(.data)
 *(.data*)
 .data.T_RED    0x0000000020000000        0x4 ./Core/Src/global.o
                0x0000000020000000                T_RED
 .data.T_AMBER  0x0000000020000004        0x4 ./Core/Src/global.o
                0x0000000020000004                T_AMBER
 .data.T_GREEN  0x0000000020000008        0x4 ./Core/Src/global.o
                0x0000000020000008                T_GREEN
 .data.status   0x000000002000000c        0x4 ./Core/Src/global.o
                0x000000002000000c                status
 .data.button_1_state
                0x0000000020000010        0x1 ./Core/Src/input_processing.o
                0x0000000020000010                button_1_state
 .data.button_2_state
                0x0000000020000011        0x1 ./Core/Src/input_processing.o
                0x0000000020000011                button_2_state
 .data.button_3_state
                0x0000000020000012        0x1 ./Core/Src/input_processing.o
                0x0000000020000012                button_3_state
 *fill*         0x0000000020000013        0x1 
 .data.button_pins
                0x0000000020000014        0x6 ./Core/Src/input_reading.o
 *fill*         0x000000002000001a        0x2 
 .data.seven_seg_buffer
                0x000000002000001c       0x10 ./Core/Src/seven_seg.o
                0x000000002000001c                seven_seg_buffer
 .data.SystemCoreClock
                0x000000002000002c        0x4 ./Core/Src/system_stm32f1xx.o
                0x000000002000002c                SystemCoreClock
 .data.TIMER_CYCLE
                0x0000000020000030        0x4 ./Core/Src/timer.o
                0x0000000020000030                TIMER_CYCLE
 .data.uwTickPrio
                0x0000000020000034        0x4 ./Drivers/STM32F1xx_HAL_Driver/Src/stm32f1xx_hal.o
                0x0000000020000034                uwTickPrio
 .data.uwTickFreq
                0x0000000020000038        0x1 ./Drivers/STM32F1xx_HAL_Driver/Src/stm32f1xx_hal.o
                0x0000000020000038                uwTickFreq
 *(.RamFunc)
 *(.RamFunc*)
                0x000000002000003c                . = ALIGN (0x4)
 *fill*         0x0000000020000039        0x3 
                0x000000002000003c                _edata = .

.igot.plt       0x000000002000003c        0x0 load address 0x000000000800299c
 .igot.plt      0x000000002000003c        0x0 c:/st/stm32cubeide_1.7.0/stm32cubeide/plugins/com.st.stm32cube.ide.mcu.externaltools.gnu-tools-for-stm32.9-2020-q2-update.win32_2.0.0.202105311346/tools/bin/../lib/gcc/arm-none-eabi/9.3.1/thumb/v7-m/nofp/crtbegin.o
                0x000000002000003c                . = ALIGN (0x4)

.bss            0x000000002000003c       0xb0 load address 0x000000000800299c
                0x000000002000003c                _sbss = .
                0x000000002000003c                __bss_start__ = _sbss
 *(.bss)
 .bss           0x000000002000003c       0x1c c:/st/stm32cubeide_1.7.0/stm32cubeide/plugins/com.st.stm32cube.ide.mcu.externaltools.gnu-tools-for-stm32.9-2020-q2-update.win32_2.0.0.202105311346/tools/bin/../lib/gcc/arm-none-eabi/9.3.1/thumb/v7-m/nofp/crtbegin.o
 *(.bss*)
 .bss.counter_1
                0x0000000020000058        0x4 ./Core/Src/fsm_automatic.o
                0x0000000020000058                counter_1
 .bss.counter_2
                0x000000002000005c        0x4 ./Core/Src/fsm_automatic.o
                0x000000002000005c                counter_2
 .bss.buttonBuffer
                0x0000000020000060        0x3 ./Core/Src/input_reading.o
 *fill*         0x0000000020000063        0x1 
 .bss.debounceButtonBuffer1
                0x0000000020000064        0x3 ./Core/Src/input_reading.o
 *fill*         0x0000000020000067        0x1 
 .bss.debounceButtonBuffer2
                0x0000000020000068        0x3 ./Core/Src/input_reading.o
 *fill*         0x000000002000006b        0x1 
 .bss.flagForButtonPress1s
                0x000000002000006c        0x3 ./Core/Src/input_reading.o
 *fill*         0x000000002000006f        0x1 
 .bss.counterForButtonPress1s
                0x0000000020000070        0x6 ./Core/Src/input_reading.o
 *fill*         0x0000000020000076        0x2 
 .bss.timer0_counter
                0x0000000020000078        0x4 ./Core/Src/timer.o
                0x0000000020000078                timer0_counter
 .bss.timer1_counter
                0x000000002000007c        0x4 ./Core/Src/timer.o
                0x000000002000007c                timer1_counter
 .bss.timer2_counter
                0x0000000020000080        0x4 ./Core/Src/timer.o
                0x0000000020000080                timer2_counter
 .bss.timer3_counter
                0x0000000020000084        0x4 ./Core/Src/timer.o
                0x0000000020000084                timer3_counter
 .bss.timer4_counter
                0x0000000020000088        0x4 ./Core/Src/timer.o
                0x0000000020000088                timer4_counter
 .bss.timer0_flag
                0x000000002000008c        0x4 ./Core/Src/timer.o
                0x000000002000008c                timer0_flag
 .bss.timer1_flag
                0x0000000020000090        0x4 ./Core/Src/timer.o
                0x0000000020000090                timer1_flag
 .bss.timer2_flag
                0x0000000020000094        0x4 ./Core/Src/timer.o
                0x0000000020000094                timer2_flag
 .bss.timer3_flag
                0x0000000020000098        0x4 ./Core/Src/timer.o
                0x0000000020000098                timer3_flag
 .bss.timer4_flag
                0x000000002000009c        0x4 ./Core/Src/timer.o
                0x000000002000009c                timer4_flag
 *(COMMON)
 COMMON         0x00000000200000a0       0x48 ./Core/Src/main.o
                0x00000000200000a0                htim2
 COMMON         0x00000000200000e8        0x4 ./Drivers/STM32F1xx_HAL_Driver/Src/stm32f1xx_hal.o
                0x00000000200000e8                uwTick
                0x00000000200000ec                . = ALIGN (0x4)
                0x00000000200000ec                _ebss = .
                0x00000000200000ec                __bss_end__ = _ebss

._user_heap_stack
                0x00000000200000ec      0x604 load address 0x000000000800299c
                0x00000000200000f0                . = ALIGN (0x8)
 *fill*         0x00000000200000ec        0x4 
                [!provide]                        PROVIDE (end = .)
                0x00000000200000f0                PROVIDE (_end = .)
                0x00000000200002f0                . = (. + _Min_Heap_Size)
 *fill*         0x00000000200000f0      0x200 
                0x00000000200006f0                . = (. + _Min_Stack_Size)
 *fill*         0x00000000200002f0      0x400 
                0x00000000200006f0                . = ALIGN (0x8)

/DISCARD/
 libc.a(*)
 libm.a(*)
 libgcc.a(*)

.ARM.attributes
                0x0000000000000000       0x29
 *(.ARM.attributes)
 .ARM.attributes
                0x0000000000000000       0x1d c:/st/stm32cubeide_1.7.0/stm32cubeide/plugins/com.st.stm32cube.ide.mcu.externaltools.gnu-tools-for-stm32.9-2020-q2-update.win32_2.0.0.202105311346/tools/bin/../lib/gcc/arm-none-eabi/9.3.1/thumb/v7-m/nofp/crti.o
 .ARM.attributes
                0x000000000000001d       0x2d c:/st/stm32cubeide_1.7.0/stm32cubeide/plugins/com.st.stm32cube.ide.mcu.externaltools.gnu-tools-for-stm32.9-2020-q2-update.win32_2.0.0.202105311346/tools/bin/../lib/gcc/arm-none-eabi/9.3.1/thumb/v7-m/nofp/crtbegin.o
 .ARM.attributes
                0x000000000000004a       0x2d ./Core/Src/fsm_automatic.o
 .ARM.attributes
                0x0000000000000077       0x2d ./Core/Src/fsm_manual.o
 .ARM.attributes
                0x00000000000000a4       0x2d ./Core/Src/global.o
 .ARM.attributes
                0x00000000000000d1       0x2d ./Core/Src/input_processing.o
 .ARM.attributes
                0x00000000000000fe       0x2d ./Core/Src/input_reading.o
 .ARM.attributes
                0x000000000000012b       0x2d ./Core/Src/main.o
 .ARM.attributes
                0x0000000000000158       0x2d ./Core/Src/seven_seg.o
 .ARM.attributes
                0x0000000000000185       0x2d ./Core/Src/stm32f1xx_hal_msp.o
 .ARM.attributes
                0x00000000000001b2       0x2d ./Core/Src/stm32f1xx_it.o
 .ARM.attributes
                0x00000000000001df       0x2d ./Core/Src/system_stm32f1xx.o
 .ARM.attributes
                0x000000000000020c       0x2d ./Core/Src/timer.o
 .ARM.attributes
                0x0000000000000239       0x21 ./Core/Startup/startup_stm32f103c6ux.o
 .ARM.attributes
                0x000000000000025a       0x2d ./Drivers/STM32F1xx_HAL_Driver/Src/stm32f1xx_hal.o
 .ARM.attributes
                0x0000000000000287       0x2d ./Drivers/STM32F1xx_HAL_Driver/Src/stm32f1xx_hal_cortex.o
 .ARM.attributes
                0x00000000000002b4       0x2d ./Drivers/STM32F1xx_HAL_Driver/Src/stm32f1xx_hal_gpio.o
 .ARM.attributes
                0x00000000000002e1       0x2d ./Drivers/STM32F1xx_HAL_Driver/Src/stm32f1xx_hal_rcc.o
 .ARM.attributes
                0x000000000000030e       0x2d ./Drivers/STM32F1xx_HAL_Driver/Src/stm32f1xx_hal_tim.o
 .ARM.attributes
                0x000000000000033b       0x2d ./Drivers/STM32F1xx_HAL_Driver/Src/stm32f1xx_hal_tim_ex.o
 .ARM.attributes
                0x0000000000000368       0x2d c:/st/stm32cubeide_1.7.0/stm32cubeide/plugins/com.st.stm32cube.ide.mcu.externaltools.gnu-tools-for-stm32.9-2020-q2-update.win32_2.0.0.202105311346/tools/bin/../lib/gcc/arm-none-eabi/9.3.1/../../../../arm-none-eabi/lib/thumb/v7-m/nofp\libc_nano.a(lib_a-init.o)
 .ARM.attributes
                0x0000000000000395       0x2d c:/st/stm32cubeide_1.7.0/stm32cubeide/plugins/com.st.stm32cube.ide.mcu.externaltools.gnu-tools-for-stm32.9-2020-q2-update.win32_2.0.0.202105311346/tools/bin/../lib/gcc/arm-none-eabi/9.3.1/../../../../arm-none-eabi/lib/thumb/v7-m/nofp\libc_nano.a(lib_a-memset.o)
 .ARM.attributes
                0x00000000000003c2       0x1d c:/st/stm32cubeide_1.7.0/stm32cubeide/plugins/com.st.stm32cube.ide.mcu.externaltools.gnu-tools-for-stm32.9-2020-q2-update.win32_2.0.0.202105311346/tools/bin/../lib/gcc/arm-none-eabi/9.3.1/thumb/v7-m/nofp/crtn.o
OUTPUT(lab_3.elf elf32-littlearm)
LOAD linker stubs
LOAD c:/st/stm32cubeide_1.7.0/stm32cubeide/plugins/com.st.stm32cube.ide.mcu.externaltools.gnu-tools-for-stm32.9-2020-q2-update.win32_2.0.0.202105311346/tools/bin/../lib/gcc/arm-none-eabi/9.3.1/../../../../arm-none-eabi/lib/thumb/v7-m/nofp\libc.a
LOAD c:/st/stm32cubeide_1.7.0/stm32cubeide/plugins/com.st.stm32cube.ide.mcu.externaltools.gnu-tools-for-stm32.9-2020-q2-update.win32_2.0.0.202105311346/tools/bin/../lib/gcc/arm-none-eabi/9.3.1/../../../../arm-none-eabi/lib/thumb/v7-m/nofp\libm.a
LOAD c:/st/stm32cubeide_1.7.0/stm32cubeide/plugins/com.st.stm32cube.ide.mcu.externaltools.gnu-tools-for-stm32.9-2020-q2-update.win32_2.0.0.202105311346/tools/bin/../lib/gcc/arm-none-eabi/9.3.1/thumb/v7-m/nofp\libgcc.a

.debug_info     0x0000000000000000     0x9834
 .debug_info    0x0000000000000000      0x222 ./Core/Src/fsm_automatic.o
 .debug_info    0x0000000000000222      0x2b4 ./Core/Src/fsm_manual.o
 .debug_info    0x00000000000004d6      0x2a7 ./Core/Src/global.o
 .debug_info    0x000000000000077d      0x21d ./Core/Src/input_processing.o
 .debug_info    0x000000000000099a      0x35e ./Core/Src/input_reading.o
 .debug_info    0x0000000000000cf8      0xc16 ./Core/Src/main.o
 .debug_info    0x000000000000190e      0x31c ./Core/Src/seven_seg.o
 .debug_info    0x0000000000001c2a      0xa09 ./Core/Src/stm32f1xx_hal_msp.o
 .debug_info    0x0000000000002633      0x7b9 ./Core/Src/stm32f1xx_it.o
 .debug_info    0x0000000000002dec      0x2be ./Core/Src/system_stm32f1xx.o
 .debug_info    0x00000000000030aa      0x339 ./Core/Src/timer.o
 .debug_info    0x00000000000033e3       0x22 ./Core/Startup/startup_stm32f103c6ux.o
 .debug_info    0x0000000000003405      0x74c ./Drivers/STM32F1xx_HAL_Driver/Src/stm32f1xx_hal.o
 .debug_info    0x0000000000003b51      0xbbe ./Drivers/STM32F1xx_HAL_Driver/Src/stm32f1xx_hal_cortex.o
 .debug_info    0x000000000000470f      0x701 ./Drivers/STM32F1xx_HAL_Driver/Src/stm32f1xx_hal_gpio.o
 .debug_info    0x0000000000004e10      0x893 ./Drivers/STM32F1xx_HAL_Driver/Src/stm32f1xx_hal_rcc.o
 .debug_info    0x00000000000056a3     0x2c12 ./Drivers/STM32F1xx_HAL_Driver/Src/stm32f1xx_hal_tim.o
 .debug_info    0x00000000000082b5     0x157f ./Drivers/STM32F1xx_HAL_Driver/Src/stm32f1xx_hal_tim_ex.o

.debug_abbrev   0x0000000000000000     0x1c86
 .debug_abbrev  0x0000000000000000       0xc9 ./Core/Src/fsm_automatic.o
 .debug_abbrev  0x00000000000000c9       0xf6 ./Core/Src/fsm_manual.o
 .debug_abbrev  0x00000000000001bf      0x105 ./Core/Src/global.o
 .debug_abbrev  0x00000000000002c4       0xde ./Core/Src/input_processing.o
 .debug_abbrev  0x00000000000003a2      0x154 ./Core/Src/input_reading.o
 .debug_abbrev  0x00000000000004f6      0x24a ./Core/Src/main.o
 .debug_abbrev  0x0000000000000740      0x16e ./Core/Src/seven_seg.o
 .debug_abbrev  0x00000000000008ae      0x1b7 ./Core/Src/stm32f1xx_hal_msp.o
 .debug_abbrev  0x0000000000000a65      0x176 ./Core/Src/stm32f1xx_it.o
 .debug_abbrev  0x0000000000000bdb      0x14e ./Core/Src/system_stm32f1xx.o
 .debug_abbrev  0x0000000000000d29      0x12c ./Core/Src/timer.o
 .debug_abbrev  0x0000000000000e55       0x12 ./Core/Startup/startup_stm32f103c6ux.o
 .debug_abbrev  0x0000000000000e67      0x1ed ./Drivers/STM32F1xx_HAL_Driver/Src/stm32f1xx_hal.o
 .debug_abbrev  0x0000000000001054      0x313 ./Drivers/STM32F1xx_HAL_Driver/Src/stm32f1xx_hal_cortex.o
 .debug_abbrev  0x0000000000001367      0x1e8 ./Drivers/STM32F1xx_HAL_Driver/Src/stm32f1xx_hal_gpio.o
 .debug_abbrev  0x000000000000154f      0x273 ./Drivers/STM32F1xx_HAL_Driver/Src/stm32f1xx_hal_rcc.o
 .debug_abbrev  0x00000000000017c2      0x25e ./Drivers/STM32F1xx_HAL_Driver/Src/stm32f1xx_hal_tim.o
 .debug_abbrev  0x0000000000001a20      0x266 ./Drivers/STM32F1xx_HAL_Driver/Src/stm32f1xx_hal_tim_ex.o

.debug_aranges  0x0000000000000000      0xa70
 .debug_aranges
                0x0000000000000000       0x20 ./Core/Src/fsm_automatic.o
 .debug_aranges
                0x0000000000000020       0x30 ./Core/Src/fsm_manual.o
 .debug_aranges
                0x0000000000000050       0x20 ./Core/Src/global.o
 .debug_aranges
                0x0000000000000070       0x20 ./Core/Src/input_processing.o
 .debug_aranges
                0x0000000000000090       0x30 ./Core/Src/input_reading.o
 .debug_aranges
                0x00000000000000c0       0x48 ./Core/Src/main.o
 .debug_aranges
                0x0000000000000108       0x38 ./Core/Src/seven_seg.o
 .debug_aranges
                0x0000000000000140       0x30 ./Core/Src/stm32f1xx_hal_msp.o
 .debug_aranges
                0x0000000000000170       0x68 ./Core/Src/stm32f1xx_it.o
 .debug_aranges
                0x00000000000001d8       0x28 ./Core/Src/system_stm32f1xx.o
 .debug_aranges
                0x0000000000000200       0x48 ./Core/Src/timer.o
 .debug_aranges
                0x0000000000000248       0x28 ./Core/Startup/startup_stm32f103c6ux.o
 .debug_aranges
                0x0000000000000270       0xe0 ./Drivers/STM32F1xx_HAL_Driver/Src/stm32f1xx_hal.o
 .debug_aranges
                0x0000000000000350      0x100 ./Drivers/STM32F1xx_HAL_Driver/Src/stm32f1xx_hal_cortex.o
 .debug_aranges
                0x0000000000000450       0x58 ./Drivers/STM32F1xx_HAL_Driver/Src/stm32f1xx_hal_gpio.o
 .debug_aranges
                0x00000000000004a8       0x90 ./Drivers/STM32F1xx_HAL_Driver/Src/stm32f1xx_hal_rcc.o
 .debug_aranges
                0x0000000000000538      0x3d0 ./Drivers/STM32F1xx_HAL_Driver/Src/stm32f1xx_hal_tim.o
 .debug_aranges
                0x0000000000000908      0x168 ./Drivers/STM32F1xx_HAL_Driver/Src/stm32f1xx_hal_tim_ex.o

.debug_ranges   0x0000000000000000      0x958
 .debug_ranges  0x0000000000000000       0x10 ./Core/Src/fsm_automatic.o
 .debug_ranges  0x0000000000000010       0x20 ./Core/Src/fsm_manual.o
 .debug_ranges  0x0000000000000030       0x10 ./Core/Src/global.o
 .debug_ranges  0x0000000000000040       0x10 ./Core/Src/input_processing.o
 .debug_ranges  0x0000000000000050       0x20 ./Core/Src/input_reading.o
 .debug_ranges  0x0000000000000070       0x38 ./Core/Src/main.o
 .debug_ranges  0x00000000000000a8       0x28 ./Core/Src/seven_seg.o
 .debug_ranges  0x00000000000000d0       0x20 ./Core/Src/stm32f1xx_hal_msp.o
 .debug_ranges  0x00000000000000f0       0x58 ./Core/Src/stm32f1xx_it.o
 .debug_ranges  0x0000000000000148       0x18 ./Core/Src/system_stm32f1xx.o
 .debug_ranges  0x0000000000000160       0x38 ./Core/Src/timer.o
 .debug_ranges  0x0000000000000198       0x20 ./Core/Startup/startup_stm32f103c6ux.o
 .debug_ranges  0x00000000000001b8       0xd0 ./Drivers/STM32F1xx_HAL_Driver/Src/stm32f1xx_hal.o
 .debug_ranges  0x0000000000000288       0xf0 ./Drivers/STM32F1xx_HAL_Driver/Src/stm32f1xx_hal_cortex.o
 .debug_ranges  0x0000000000000378       0x48 ./Drivers/STM32F1xx_HAL_Driver/Src/stm32f1xx_hal_gpio.o
 .debug_ranges  0x00000000000003c0       0x80 ./Drivers/STM32F1xx_HAL_Driver/Src/stm32f1xx_hal_rcc.o
 .debug_ranges  0x0000000000000440      0x3c0 ./Drivers/STM32F1xx_HAL_Driver/Src/stm32f1xx_hal_tim.o
 .debug_ranges  0x0000000000000800      0x158 ./Drivers/STM32F1xx_HAL_Driver/Src/stm32f1xx_hal_tim_ex.o

.debug_macro    0x0000000000000000    0x16fc4
 .debug_macro   0x0000000000000000      0x1d7 ./Core/Src/fsm_automatic.o
 .debug_macro   0x00000000000001d7      0xa9c ./Core/Src/fsm_automatic.o
 .debug_macro   0x0000000000000c73      0x215 ./Core/Src/fsm_automatic.o
 .debug_macro   0x0000000000000e88       0x2e ./Core/Src/fsm_automatic.o
 .debug_macro   0x0000000000000eb6       0x22 ./Core/Src/fsm_automatic.o
 .debug_macro   0x0000000000000ed8       0x22 ./Core/Src/fsm_automatic.o
 .debug_macro   0x0000000000000efa       0x8e ./Core/Src/fsm_automatic.o
 .debug_macro   0x0000000000000f88       0x51 ./Core/Src/fsm_automatic.o
 .debug_macro   0x0000000000000fd9      0x103 ./Core/Src/fsm_automatic.o
 .debug_macro   0x00000000000010dc       0x6a ./Core/Src/fsm_automatic.o
 .debug_macro   0x0000000000001146      0x1df ./Core/Src/fsm_automatic.o
 .debug_macro   0x0000000000001325       0x1c ./Core/Src/fsm_automatic.o
 .debug_macro   0x0000000000001341       0x22 ./Core/Src/fsm_automatic.o
 .debug_macro   0x0000000000001363       0xc3 ./Core/Src/fsm_automatic.o
 .debug_macro   0x0000000000001426      0xd23 ./Core/Src/fsm_automatic.o
 .debug_macro   0x0000000000002149     0xde75 ./Core/Src/fsm_automatic.o
 .debug_macro   0x000000000000ffbe       0x6d ./Core/Src/fsm_automatic.o
 .debug_macro   0x000000000001002b     0x348d ./Core/Src/fsm_automatic.o
 .debug_macro   0x00000000000134b8      0x174 ./Core/Src/fsm_automatic.o
 .debug_macro   0x000000000001362c       0x5c ./Core/Src/fsm_automatic.o
 .debug_macro   0x0000000000013688      0x5bc ./Core/Src/fsm_automatic.o
 .debug_macro   0x0000000000013c44      0x1b7 ./Core/Src/fsm_automatic.o
 .debug_macro   0x0000000000013dfb      0x1cb ./Core/Src/fsm_automatic.o
 .debug_macro   0x0000000000013fc6      0x114 ./Core/Src/fsm_automatic.o
 .debug_macro   0x00000000000140da      0x1b2 ./Core/Src/fsm_automatic.o
 .debug_macro   0x000000000001428c       0x27 ./Core/Src/fsm_automatic.o
 .debug_macro   0x00000000000142b3      0x12f ./Core/Src/fsm_automatic.o
 .debug_macro   0x00000000000143e2      0x1bc ./Core/Src/fsm_automatic.o
 .debug_macro   0x000000000001459e       0x34 ./Core/Src/fsm_automatic.o
 .debug_macro   0x00000000000145d2       0x3c ./Core/Src/fsm_automatic.o
 .debug_macro   0x000000000001460e       0x57 ./Core/Src/fsm_automatic.o
 .debug_macro   0x0000000000014665       0x87 ./Core/Src/fsm_automatic.o
 .debug_macro   0x00000000000146ec      0x183 ./Core/Src/fsm_automatic.o
 .debug_macro   0x000000000001486f      0x140 ./Core/Src/fsm_automatic.o
 .debug_macro   0x00000000000149af      0x8ed ./Core/Src/fsm_automatic.o
 .debug_macro   0x000000000001529c       0x69 ./Core/Src/fsm_automatic.o
 .debug_macro   0x0000000000015305       0xf4 ./Core/Src/fsm_automatic.o
 .debug_macro   0x00000000000153f9       0x64 ./Core/Src/fsm_automatic.o
 .debug_macro   0x000000000001545d      0x1cd ./Core/Src/fsm_manual.o
 .debug_macro   0x000000000001562a      0x1af ./Core/Src/global.o
 .debug_macro   0x00000000000157d9      0x1cd ./Core/Src/input_processing.o
 .debug_macro   0x00000000000159a6      0x1c4 ./Core/Src/input_reading.o
 .debug_macro   0x0000000000015b6a      0x1eb ./Core/Src/main.o
 .debug_macro   0x0000000000015d55      0x1a6 ./Core/Src/seven_seg.o
 .debug_macro   0x0000000000015efb      0x1a6 ./Core/Src/stm32f1xx_hal_msp.o
 .debug_macro   0x00000000000160a1      0x1b0 ./Core/Src/stm32f1xx_it.o
 .debug_macro   0x0000000000016251      0x197 ./Core/Src/system_stm32f1xx.o
 .debug_macro   0x00000000000163e8      0x1b0 ./Core/Src/timer.o
 .debug_macro   0x0000000000016598      0x1bb ./Drivers/STM32F1xx_HAL_Driver/Src/stm32f1xx_hal.o
 .debug_macro   0x0000000000016753      0x197 ./Drivers/STM32F1xx_HAL_Driver/Src/stm32f1xx_hal_cortex.o
 .debug_macro   0x00000000000168ea      0x202 ./Drivers/STM32F1xx_HAL_Driver/Src/stm32f1xx_hal_gpio.o
 .debug_macro   0x0000000000016aec      0x1a9 ./Drivers/STM32F1xx_HAL_Driver/Src/stm32f1xx_hal_rcc.o
 .debug_macro   0x0000000000016c95      0x198 ./Drivers/STM32F1xx_HAL_Driver/Src/stm32f1xx_hal_tim.o
 .debug_macro   0x0000000000016e2d      0x197 ./Drivers/STM32F1xx_HAL_Driver/Src/stm32f1xx_hal_tim_ex.o

.debug_line     0x0000000000000000     0xc69e
 .debug_line    0x0000000000000000      0x775 ./Core/Src/fsm_automatic.o
 .debug_line    0x0000000000000775      0x74d ./Core/Src/fsm_manual.o
 .debug_line    0x0000000000000ec2      0x67f ./Core/Src/global.o
 .debug_line    0x0000000000001541      0x869 ./Core/Src/input_processing.o
 .debug_line    0x0000000000001daa      0x70b ./Core/Src/input_reading.o
 .debug_line    0x00000000000024b5      0x809 ./Core/Src/main.o
 .debug_line    0x0000000000002cbe      0x706 ./Core/Src/seven_seg.o
 .debug_line    0x00000000000033c4      0x6a1 ./Core/Src/stm32f1xx_hal_msp.o
 .debug_line    0x0000000000003a65      0x73f ./Core/Src/stm32f1xx_it.o
 .debug_line    0x00000000000041a4      0x6e3 ./Core/Src/system_stm32f1xx.o
 .debug_line    0x0000000000004887      0x75e ./Core/Src/timer.o
 .debug_line    0x0000000000004fe5       0x86 ./Core/Startup/startup_stm32f103c6ux.o
 .debug_line    0x000000000000506b      0x910 ./Drivers/STM32F1xx_HAL_Driver/Src/stm32f1xx_hal.o
 .debug_line    0x000000000000597b      0xaf8 ./Drivers/STM32F1xx_HAL_Driver/Src/stm32f1xx_hal_cortex.o
 .debug_line    0x0000000000006473      0x993 ./Drivers/STM32F1xx_HAL_Driver/Src/stm32f1xx_hal_gpio.o
 .debug_line    0x0000000000006e06      0xd1c ./Drivers/STM32F1xx_HAL_Driver/Src/stm32f1xx_hal_rcc.o
 .debug_line    0x0000000000007b22     0x3346 ./Drivers/STM32F1xx_HAL_Driver/Src/stm32f1xx_hal_tim.o
 .debug_line    0x000000000000ae68     0x1836 ./Drivers/STM32F1xx_HAL_Driver/Src/stm32f1xx_hal_tim_ex.o

.debug_str      0x0000000000000000    0x824f0
 .debug_str     0x0000000000000000    0x7f7dc ./Core/Src/fsm_automatic.o
                                      0x7fb11 (size before relaxing)
 .debug_str     0x000000000007f7dc       0x7c ./Core/Src/fsm_manual.o
                                      0x7fb2c (size before relaxing)
 .debug_str     0x000000000007f858       0x20 ./Core/Src/global.o
                                      0x7fab2 (size before relaxing)
 .debug_str     0x000000000007f878       0xc8 ./Core/Src/input_processing.o
                                      0x7fb3b (size before relaxing)
 .debug_str     0x000000000007f940      0x158 ./Core/Src/input_reading.o
                                      0x7fb1b (size before relaxing)
 .debug_str     0x000000000007fa98      0x6e4 ./Core/Src/main.o
                                      0x802d7 (size before relaxing)
 .debug_str     0x000000000008017c       0x94 ./Core/Src/seven_seg.o
                                      0x7fa63 (size before relaxing)
 .debug_str     0x0000000000080210      0x2ba ./Core/Src/stm32f1xx_hal_msp.o
                                      0x801a1 (size before relaxing)
 .debug_str     0x00000000000804ca       0xcd ./Core/Src/stm32f1xx_it.o
                                      0x7ff03 (size before relaxing)
 .debug_str     0x0000000000080597       0x52 ./Core/Src/system_stm32f1xx.o
                                      0x7f6d1 (size before relaxing)
 .debug_str     0x00000000000805e9       0xa7 ./Core/Src/timer.o
                                      0x7fa76 (size before relaxing)
 .debug_str     0x0000000000080690       0x36 ./Core/Startup/startup_stm32f103c6ux.o
                                         0x60 (size before relaxing)
 .debug_str     0x00000000000806c6      0x304 ./Drivers/STM32F1xx_HAL_Driver/Src/stm32f1xx_hal.o
                                      0x7fd28 (size before relaxing)
 .debug_str     0x00000000000809ca      0x300 ./Drivers/STM32F1xx_HAL_Driver/Src/stm32f1xx_hal_cortex.o
                                      0x7fd30 (size before relaxing)
 .debug_str     0x0000000000080cca      0x316 ./Drivers/STM32F1xx_HAL_Driver/Src/stm32f1xx_hal_gpio.o
                                      0x7fa95 (size before relaxing)
 .debug_str     0x0000000000080fe0      0x24f ./Drivers/STM32F1xx_HAL_Driver/Src/stm32f1xx_hal_rcc.o
                                      0x7face (size before relaxing)
 .debug_str     0x000000000008122f      0xdd3 ./Drivers/STM32F1xx_HAL_Driver/Src/stm32f1xx_hal_tim.o
                                      0x80aa7 (size before relaxing)
 .debug_str     0x0000000000082002      0x4ee ./Drivers/STM32F1xx_HAL_Driver/Src/stm32f1xx_hal_tim_ex.o
                                      0x80258 (size before relaxing)

.comment        0x0000000000000000       0x53
 .comment       0x0000000000000000       0x53 ./Core/Src/fsm_automatic.o
                                         0x54 (size before relaxing)
 .comment       0x0000000000000053       0x54 ./Core/Src/fsm_manual.o
 .comment       0x0000000000000053       0x54 ./Core/Src/global.o
 .comment       0x0000000000000053       0x54 ./Core/Src/input_processing.o
 .comment       0x0000000000000053       0x54 ./Core/Src/input_reading.o
 .comment       0x0000000000000053       0x54 ./Core/Src/main.o
 .comment       0x0000000000000053       0x54 ./Core/Src/seven_seg.o
 .comment       0x0000000000000053       0x54 ./Core/Src/stm32f1xx_hal_msp.o
 .comment       0x0000000000000053       0x54 ./Core/Src/stm32f1xx_it.o
 .comment       0x0000000000000053       0x54 ./Core/Src/system_stm32f1xx.o
 .comment       0x0000000000000053       0x54 ./Core/Src/timer.o
 .comment       0x0000000000000053       0x54 ./Drivers/STM32F1xx_HAL_Driver/Src/stm32f1xx_hal.o
 .comment       0x0000000000000053       0x54 ./Drivers/STM32F1xx_HAL_Driver/Src/stm32f1xx_hal_cortex.o
 .comment       0x0000000000000053       0x54 ./Drivers/STM32F1xx_HAL_Driver/Src/stm32f1xx_hal_gpio.o
 .comment       0x0000000000000053       0x54 ./Drivers/STM32F1xx_HAL_Driver/Src/stm32f1xx_hal_rcc.o
 .comment       0x0000000000000053       0x54 ./Drivers/STM32F1xx_HAL_Driver/Src/stm32f1xx_hal_tim.o
 .comment       0x0000000000000053       0x54 ./Drivers/STM32F1xx_HAL_Driver/Src/stm32f1xx_hal_tim_ex.o

.debug_frame    0x0000000000000000     0x28dc
 .debug_frame   0x0000000000000000       0x2c ./Core/Src/fsm_automatic.o
 .debug_frame   0x000000000000002c       0x64 ./Core/Src/fsm_manual.o
 .debug_frame   0x0000000000000090       0x2c ./Core/Src/global.o
 .debug_frame   0x00000000000000bc       0x2c ./Core/Src/input_processing.o
 .debug_frame   0x00000000000000e8       0x88 ./Core/Src/input_reading.o
 .debug_frame   0x0000000000000170       0xd8 ./Core/Src/main.o
 .debug_frame   0x0000000000000248       0xa8 ./Core/Src/seven_seg.o
 .debug_frame   0x00000000000002f0       0x80 ./Core/Src/stm32f1xx_hal_msp.o
 .debug_frame   0x0000000000000370      0x120 ./Core/Src/stm32f1xx_it.o
 .debug_frame   0x0000000000000490       0x58 ./Core/Src/system_stm32f1xx.o
 .debug_frame   0x00000000000004e8       0xf8 ./Core/Src/timer.o
 .debug_frame   0x00000000000005e0      0x334 ./Drivers/STM32F1xx_HAL_Driver/Src/stm32f1xx_hal.o
 .debug_frame   0x0000000000000914      0x428 ./Drivers/STM32F1xx_HAL_Driver/Src/stm32f1xx_hal_cortex.o
 .debug_frame   0x0000000000000d3c      0x14c ./Drivers/STM32F1xx_HAL_Driver/Src/stm32f1xx_hal_gpio.o
 .debug_frame   0x0000000000000e88      0x218 ./Drivers/STM32F1xx_HAL_Driver/Src/stm32f1xx_hal_rcc.o
 .debug_frame   0x00000000000010a0     0x11b8 ./Drivers/STM32F1xx_HAL_Driver/Src/stm32f1xx_hal_tim.o
 .debug_frame   0x0000000000002258      0x638 ./Drivers/STM32F1xx_HAL_Driver/Src/stm32f1xx_hal_tim_ex.o
 .debug_frame   0x0000000000002890       0x2c c:/st/stm32cubeide_1.7.0/stm32cubeide/plugins/com.st.stm32cube.ide.mcu.externaltools.gnu-tools-for-stm32.9-2020-q2-update.win32_2.0.0.202105311346/tools/bin/../lib/gcc/arm-none-eabi/9.3.1/../../../../arm-none-eabi/lib/thumb/v7-m/nofp\libc_nano.a(lib_a-init.o)
 .debug_frame   0x00000000000028bc       0x20 c:/st/stm32cubeide_1.7.0/stm32cubeide/plugins/com.st.stm32cube.ide.mcu.externaltools.gnu-tools-for-stm32.9-2020-q2-update.win32_2.0.0.202105311346/tools/bin/../lib/gcc/arm-none-eabi/9.3.1/../../../../arm-none-eabi/lib/thumb/v7-m/nofp\libc_nano.a(lib_a-memset.o)
