Archive member included to satisfy reference by file (symbol)

c:/st/stm32cubeide_1.7.0/stm32cubeide/plugins/com.st.stm32cube.ide.mcu.externaltools.gnu-tools-for-stm32.9-2020-q2-update.win32_2.0.0.202105311346/tools/bin/../lib/gcc/arm-none-eabi/9.3.1/../../../../arm-none-eabi/lib/thumb/v7-m/nofp\libc_nano.a(lib_a-errno.o)
                              ./Core/Src/syscalls.o (__errno)
c:/st/stm32cubeide_1.7.0/stm32cubeide/plugins/com.st.stm32cube.ide.mcu.externaltools.gnu-tools-for-stm32.9-2020-q2-update.win32_2.0.0.202105311346/tools/bin/../lib/gcc/arm-none-eabi/9.3.1/../../../../arm-none-eabi/lib/thumb/v7-m/nofp\libc_nano.a(lib_a-exit.o)
                              c:/st/stm32cubeide_1.7.0/stm32cubeide/plugins/com.st.stm32cube.ide.mcu.externaltools.gnu-tools-for-stm32.9-2020-q2-update.win32_2.0.0.202105311346/tools/bin/../lib/gcc/arm-none-eabi/9.3.1/../../../../arm-none-eabi/lib/thumb/v7-m/nofp/crt0.o (exit)
c:/st/stm32cubeide_1.7.0/stm32cubeide/plugins/com.st.stm32cube.ide.mcu.externaltools.gnu-tools-for-stm32.9-2020-q2-update.win32_2.0.0.202105311346/tools/bin/../lib/gcc/arm-none-eabi/9.3.1/../../../../arm-none-eabi/lib/thumb/v7-m/nofp\libc_nano.a(lib_a-impure.o)
                              c:/st/stm32cubeide_1.7.0/stm32cubeide/plugins/com.st.stm32cube.ide.mcu.externaltools.gnu-tools-for-stm32.9-2020-q2-update.win32_2.0.0.202105311346/tools/bin/../lib/gcc/arm-none-eabi/9.3.1/../../../../arm-none-eabi/lib/thumb/v7-m/nofp\libc_nano.a(lib_a-exit.o) (_global_impure_ptr)
c:/st/stm32cubeide_1.7.0/stm32cubeide/plugins/com.st.stm32cube.ide.mcu.externaltools.gnu-tools-for-stm32.9-2020-q2-update.win32_2.0.0.202105311346/tools/bin/../lib/gcc/arm-none-eabi/9.3.1/../../../../arm-none-eabi/lib/thumb/v7-m/nofp\libc_nano.a(lib_a-init.o)
                              c:/st/stm32cubeide_1.7.0/stm32cubeide/plugins/com.st.stm32cube.ide.mcu.externaltools.gnu-tools-for-stm32.9-2020-q2-update.win32_2.0.0.202105311346/tools/bin/../lib/gcc/arm-none-eabi/9.3.1/../../../../arm-none-eabi/lib/thumb/v7-m/nofp/crt0.o (__libc_init_array)
c:/st/stm32cubeide_1.7.0/stm32cubeide/plugins/com.st.stm32cube.ide.mcu.externaltools.gnu-tools-for-stm32.9-2020-q2-update.win32_2.0.0.202105311346/tools/bin/../lib/gcc/arm-none-eabi/9.3.1/../../../../arm-none-eabi/lib/thumb/v7-m/nofp\libc_nano.a(lib_a-memset.o)
                              c:/st/stm32cubeide_1.7.0/stm32cubeide/plugins/com.st.stm32cube.ide.mcu.externaltools.gnu-tools-for-stm32.9-2020-q2-update.win32_2.0.0.202105311346/tools/bin/../lib/gcc/arm-none-eabi/9.3.1/../../../../arm-none-eabi/lib/thumb/v7-m/nofp/crt0.o (memset)

Allocating common symbols
Common symbol       size              file

uwTick              0x4               ./Drivers/STM32F1xx_HAL_Driver/Src/stm32f1xx_hal.o
pFlash              0x20              ./Drivers/STM32F1xx_HAL_Driver/Src/stm32f1xx_hal_flash.o
htim2               0x48              ./Core/Src/main.o

Discarded input sections

 .text          0x0000000000000000        0x0 c:/st/stm32cubeide_1.7.0/stm32cubeide/plugins/com.st.stm32cube.ide.mcu.externaltools.gnu-tools-for-stm32.9-2020-q2-update.win32_2.0.0.202105311346/tools/bin/../lib/gcc/arm-none-eabi/9.3.1/thumb/v7-m/nofp/crti.o
 .data          0x0000000000000000        0x0 c:/st/stm32cubeide_1.7.0/stm32cubeide/plugins/com.st.stm32cube.ide.mcu.externaltools.gnu-tools-for-stm32.9-2020-q2-update.win32_2.0.0.202105311346/tools/bin/../lib/gcc/arm-none-eabi/9.3.1/thumb/v7-m/nofp/crti.o
 .bss           0x0000000000000000        0x0 c:/st/stm32cubeide_1.7.0/stm32cubeide/plugins/com.st.stm32cube.ide.mcu.externaltools.gnu-tools-for-stm32.9-2020-q2-update.win32_2.0.0.202105311346/tools/bin/../lib/gcc/arm-none-eabi/9.3.1/thumb/v7-m/nofp/crti.o
 .data          0x0000000000000000        0x4 c:/st/stm32cubeide_1.7.0/stm32cubeide/plugins/com.st.stm32cube.ide.mcu.externaltools.gnu-tools-for-stm32.9-2020-q2-update.win32_2.0.0.202105311346/tools/bin/../lib/gcc/arm-none-eabi/9.3.1/thumb/v7-m/nofp/crtbegin.o
 .text          0x0000000000000000       0x7c c:/st/stm32cubeide_1.7.0/stm32cubeide/plugins/com.st.stm32cube.ide.mcu.externaltools.gnu-tools-for-stm32.9-2020-q2-update.win32_2.0.0.202105311346/tools/bin/../lib/gcc/arm-none-eabi/9.3.1/../../../../arm-none-eabi/lib/thumb/v7-m/nofp/crt0.o
 .data          0x0000000000000000        0x0 c:/st/stm32cubeide_1.7.0/stm32cubeide/plugins/com.st.stm32cube.ide.mcu.externaltools.gnu-tools-for-stm32.9-2020-q2-update.win32_2.0.0.202105311346/tools/bin/../lib/gcc/arm-none-eabi/9.3.1/../../../../arm-none-eabi/lib/thumb/v7-m/nofp/crt0.o
 .bss           0x0000000000000000        0x0 c:/st/stm32cubeide_1.7.0/stm32cubeide/plugins/com.st.stm32cube.ide.mcu.externaltools.gnu-tools-for-stm32.9-2020-q2-update.win32_2.0.0.202105311346/tools/bin/../lib/gcc/arm-none-eabi/9.3.1/../../../../arm-none-eabi/lib/thumb/v7-m/nofp/crt0.o
[...]
Memory Configuration

Name             Origin             Length             Attributes
RAM              0x0000000020000000 0x0000000000002800 xrw
FLASH            0x0000000008000000 0x0000000000008000 xr
*default*        0x0000000000000000 0xffffffffffffffff

Linker script and memory map

LOAD c:/st/stm32cubeide_1.7.0/stm32cubeide/plugins/com.st.stm32cube.ide.mcu.externaltools.gnu-tools-for-stm32.9-2020-q2-update.win32_2.0.0.202105311346/tools/bin/../lib/gcc/arm-none-eabi/9.3.1/thumb/v7-m/nofp/crti.o
LOAD c:/st/stm32cubeide_1.7.0/stm32cubeide/plugins/com.st.stm32cube.ide.mcu.externaltools.gnu-tools-for-stm32.9-2020-q2-update.win32_2.0.0.202105311346/tools/bin/../lib/gcc/arm-none-eabi/9.3.1/thumb/v7-m/nofp/crtbegin.o
LOAD c:/st/stm32cubeide_1.7.0/stm32cubeide/plugins/com.st.stm32cube.ide.mcu.externaltools.gnu-tools-for-stm32.9-2020-q2-update.win32_2.0.0.202105311346/tools/bin/../lib/gcc/arm-none-eabi/9.3.1/../../../../arm-none-eabi/lib/thumb/v7-m/nofp/crt0.o
LOAD ./Core/Src/fsm_automatic.o
LOAD ./Core/Src/fsm_manual.o
LOAD ./Core/Src/global.o
LOAD ./Core/Src/input_processing.o
LOAD ./Core/Src/input_reading.o
LOAD ./Core/Src/main.o
LOAD ./Core/Src/scheduler.o
LOAD ./Core/Src/seven_seg.o
LOAD ./Core/Src/stm32f1xx_hal_msp.o
LOAD ./Core/Src/stm32f1xx_it.o
LOAD ./Core/Src/syscalls.o
LOAD ./Core/Src/sysmem.o
LOAD ./Core/Src/system_stm32f1xx.o
LOAD ./Core/Src/timer.o
LOAD ./Core/Startup/startup_stm32f103c6ux.o
LOAD ./Drivers/STM32F1xx_HAL_Driver/Src/stm32f1xx_hal.o
LOAD ./Drivers/STM32F1xx_HAL_Driver/Src/stm32f1xx_hal_cortex.o
LOAD ./Drivers/STM32F1xx_HAL_Driver/Src/stm32f1xx_hal_dma.o
LOAD ./Drivers/STM32F1xx_HAL_Driver/Src/stm32f1xx_hal_exti.o
LOAD ./Drivers/STM32F1xx_HAL_Driver/Src/stm32f1xx_hal_flash.o
LOAD ./Drivers/STM32F1xx_HAL_Driver/Src/stm32f1xx_hal_flash_ex.o
LOAD ./Drivers/STM32F1xx_HAL_Driver/Src/stm32f1xx_hal_gpio.o
LOAD ./Drivers/STM32F1xx_HAL_Driver/Src/stm32f1xx_hal_gpio_ex.o
LOAD ./Drivers/STM32F1xx_HAL_Driver/Src/stm32f1xx_hal_pwr.o
LOAD ./Drivers/STM32F1xx_HAL_Driver/Src/stm32f1xx_hal_rcc.o
LOAD ./Drivers/STM32F1xx_HAL_Driver/Src/stm32f1xx_hal_rcc_ex.o
LOAD ./Drivers/STM32F1xx_HAL_Driver/Src/stm32f1xx_hal_tim.o
LOAD ./Drivers/STM32F1xx_HAL_Driver/Src/stm32f1xx_hal_tim_ex.o
START GROUP
LOAD c:/st/stm32cubeide_1.7.0/stm32cubeide/plugins/com.st.stm32cube.ide.mcu.externaltools.gnu-tools-for-stm32.9-2020-q2-update.win32_2.0.0.202105311346/tools/bin/../lib/gcc/arm-none-eabi/9.3.1/../../../../arm-none-eabi/lib/thumb/v7-m/nofp\libc_nano.a
LOAD c:/st/stm32cubeide_1.7.0/stm32cubeide/plugins/com.st.stm32cube.ide.mcu.externaltools.gnu-tools-for-stm32.9-2020-q2-update.win32_2.0.0.202105311346/tools/bin/../lib/gcc/arm-none-eabi/9.3.1/../../../../arm-none-eabi/lib/thumb/v7-m/nofp\libm.a
END GROUP
START GROUP
LOAD c:/st/stm32cubeide_1.7.0/stm32cubeide/plugins/com.st.stm32cube.ide.mcu.externaltools.gnu-tools-for-stm32.9-2020-q2-update.win32_2.0.0.202105311346/tools/bin/../lib/gcc/arm-none-eabi/9.3.1/thumb/v7-m/nofp\libgcc.a
LOAD c:/st/stm32cubeide_1.7.0/stm32cubeide/plugins/com.st.stm32cube.ide.mcu.externaltools.gnu-tools-for-stm32.9-2020-q2-update.win32_2.0.0.202105311346/tools/bin/../lib/gcc/arm-none-eabi/9.3.1/../../../../arm-none-eabi/lib/thumb/v7-m/nofp\libc_nano.a
END GROUP
START GROUP
LOAD c:/st/stm32cubeide_1.7.0/stm32cubeide/plugins/com.st.stm32cube.ide.mcu.externaltools.gnu-tools-for-stm32.9-2020-q2-update.win32_2.0.0.202105311346/tools/bin/../lib/gcc/arm-none-eabi/9.3.1/thumb/v7-m/nofp\libgcc.a
LOAD c:/st/stm32cubeide_1.7.0/stm32cubeide/plugins/com.st.stm32cube.ide.mcu.externaltools.gnu-tools-for-stm32.9-2020-q2-update.win32_2.0.0.202105311346/tools/bin/../lib/gcc/arm-none-eabi/9.3.1/../../../../arm-none-eabi/lib/thumb/v7-m/nofp\libc_nano.a
LOAD c:/st/stm32cubeide_1.7.0/stm32cubeide/plugins/com.st.stm32cube.ide.mcu.externaltools.gnu-tools-for-stm32.9-2020-q2-update.win32_2.0.0.202105311346/tools/bin/../lib/gcc/arm-none-eabi/9.3.1/../../../../arm-none-eabi/lib/thumb/v7-m/nofp\libnosys.a
END GROUP
START GROUP
LOAD c:/st/stm32cubeide_1.7.0/stm32cubeide/plugins/com.st.stm32cube.ide.mcu.externaltools.gnu-tools-for-stm32.9-2020-q2-update.win32_2.0.0.202105311346/tools/bin/../lib/gcc/arm-none-eabi/9.3.1/thumb/v7-m/nofp\libgcc.a
LOAD c:/st/stm32cubeide_1.7.0/stm32cubeide/plugins/com.st.stm32cube.ide.mcu.externaltools.gnu-tools-for-stm32.9-2020-q2-update.win32_2.0.0.202105311346/tools/bin/../lib/gcc/arm-none-eabi/9.3.1/../../../../arm-none-eabi/lib/thumb/v7-m/nofp\libc_nano.a
LOAD c:/st/stm32cubeide_1.7.0/stm32cubeide/plugins/com.st.stm32cube.ide.mcu.externaltools.gnu-tools-for-stm32.9-2020-q2-update.win32_2.0.0.202105311346/tools/bin/../lib/gcc/arm-none-eabi/9.3.1/../../../../arm-none-eabi/lib/thumb/v7-m/nofp\libnosys.a
END GROUP
LOAD c:/st/stm32cubeide_1.7.0/stm32cubeide/plugins/com.st.stm32cube.ide.mcu.externaltools.gnu-tools-for-stm32.9-2020-q2-update.win32_2.0.0.202105311346/tools/bin/../lib/gcc/arm-none-eabi/9.3.1/thumb/v7-m/nofp/crtend.o
LOAD c:/st/stm32cubeide_1.7.0/stm32cubeide/plugins/com.st.stm32cube.ide.mcu.externaltools.gnu-tools-for-stm32.9-2020-q2-update.win32_2.0.0.202105311346/tools/bin/../lib/gcc/arm-none-eabi/9.3.1/thumb/v7-m/nofp/crtn.o
                0x0000000020002800                _estack = (ORIGIN (RAM) + LENGTH (RAM))
                0x0000000000000200                _Min_Heap_Size = 0x200
                0x0000000000000400                _Min_Stack_Size = 0x400

.isr_vector     0x0000000008000000      0x10c
                0x0000000008000000                . = ALIGN (0x4)
 *(.isr_vector)
 .isr_vector    0x0000000008000000      0x10c ./Core/Startup/startup_stm32f103c6ux.o
                0x0000000008000000                g_pfnVectors
                0x000000000800010c                . = ALIGN (0x4)

.text           0x000000000800010c     0x2e54
                0x000000000800010c                . = ALIGN (0x4)
 *(.text)
 .text          0x000000000800010c       0x40 c:/st/stm32cubeide_1.7.0/stm32cubeide/plugins/com.st.stm32cube.ide.mcu.externaltools.gnu-tools-for-stm32.9-2020-q2-update.win32_2.0.0.202105311346/tools/bin/../lib/gcc/arm-none-eabi/9.3.1/thumb/v7-m/nofp/crtbegin.o
 *(.text*)
 .text.fsm_automatic
                0x000000000800014c      0x270 ./Core/Src/fsm_automatic.o
                0x000000000800014c                fsm_automatic
 .text.fsm_red_manual
                0x00000000080003bc       0x8c ./Core/Src/fsm_manual.o
                0x00000000080003bc                fsm_red_manual
 .text.fsm_amber_manual
                0x0000000008000448       0x8c ./Core/Src/fsm_manual.o
                0x0000000008000448                fsm_amber_manual
 .text.fsm_green_manual
                0x00000000080004d4       0x90 ./Core/Src/fsm_manual.o
                0x00000000080004d4                fsm_green_manual
 .text.led_config
                0x0000000008000564      0x104 ./Core/Src/global.o
                0x0000000008000564                led_config
 .text.fsm_button_processing
                0x0000000008000668      0x310 ./Core/Src/input_processing.o
                0x0000000008000668                fsm_button_processing
 .text.button_reading
                0x0000000008000978       0xe4 ./Core/Src/input_reading.o
                0x0000000008000978                button_reading
 .text.is_button_pressed
                0x0000000008000a5c       0x34 ./Core/Src/input_reading.o
                0x0000000008000a5c                is_button_pressed
 .text.is_button_pressed_1s
                0x0000000008000a90       0x34 ./Core/Src/input_reading.o
                0x0000000008000a90                is_button_pressed_1s
 .text.main     0x0000000008000ac4       0x9c ./Core/Src/main.o
                0x0000000008000ac4                main
 .text.SystemClock_Config
                0x0000000008000b60       0x76 ./Core/Src/main.o
                0x0000000008000b60                SystemClock_Config
 *fill*         0x0000000008000bd6        0x2 
 .text.MX_TIM2_Init
                0x0000000008000bd8       0x98 ./Core/Src/main.o
 .text.MX_GPIO_Init
                0x0000000008000c70       0xc4 ./Core/Src/main.o
 .text.HAL_TIM_PeriodElapsedCallback
                0x0000000008000d34       0x14 ./Core/Src/main.o
                0x0000000008000d34                HAL_TIM_PeriodElapsedCallback
 .text.Error_Handler
                0x0000000008000d48        0xa ./Core/Src/main.o
                0x0000000008000d48                Error_Handler
 *fill*         0x0000000008000d52        0x2 
 .text.SCH_Update
                0x0000000008000d54       0x50 ./Core/Src/scheduler.o
                0x0000000008000d54                SCH_Update
 .text.SCH_Add_Task
                0x0000000008000da4      0x2ac ./Core/Src/scheduler.o
                0x0000000008000da4                SCH_Add_Task
 .text.SCH_Delete_Task
                0x0000000008001050      0x1e8 ./Core/Src/scheduler.o
                0x0000000008001050                SCH_Delete_Task
 .text.SCH_Dispatch_Tasks
                0x0000000008001238       0x58 ./Core/Src/scheduler.o
                0x0000000008001238                SCH_Dispatch_Tasks
 .text.Get_New_Task_ID
                0x0000000008001290       0x30 ./Core/Src/scheduler.o
 .text.display7SEG
                0x00000000080012c0      0x14c ./Core/Src/seven_seg.o
                0x00000000080012c0                display7SEG
 .text.update7SEG
                0x000000000800140c       0xc0 ./Core/Src/seven_seg.o
                0x000000000800140c                update7SEG
 .text.update7SEG_buffer_auto
                0x00000000080014cc       0x68 ./Core/Src/seven_seg.o
                0x00000000080014cc                update7SEG_buffer_auto
 .text.update7SEG_buffer_manual
                0x0000000008001534       0x50 ./Core/Src/seven_seg.o
                0x0000000008001534                update7SEG_buffer_manual
 .text.led_scan
                0x0000000008001584       0x3c ./Core/Src/seven_seg.o
                0x0000000008001584                led_scan
 .text.HAL_MspInit
                0x00000000080015c0       0x64 ./Core/Src/stm32f1xx_hal_msp.o
                0x00000000080015c0                HAL_MspInit
 .text.HAL_TIM_Base_MspInit
                0x0000000008001624       0x48 ./Core/Src/stm32f1xx_hal_msp.o
                0x0000000008001624                HAL_TIM_Base_MspInit
 .text.NMI_Handler
                0x000000000800166c        0x6 ./Core/Src/stm32f1xx_it.o
                0x000000000800166c                NMI_Handler
 .text.HardFault_Handler
                0x0000000008001672        0x6 ./Core/Src/stm32f1xx_it.o
                0x0000000008001672                HardFault_Handler
 .text.MemManage_Handler
                0x0000000008001678        0x6 ./Core/Src/stm32f1xx_it.o
                0x0000000008001678                MemManage_Handler
 .text.BusFault_Handler
                0x000000000800167e        0x6 ./Core/Src/stm32f1xx_it.o
                0x000000000800167e                BusFault_Handler
 .text.UsageFault_Handler
                0x0000000008001684        0x6 ./Core/Src/stm32f1xx_it.o
                0x0000000008001684                UsageFault_Handler
 .text.SVC_Handler
                0x000000000800168a        0xc ./Core/Src/stm32f1xx_it.o
                0x000000000800168a                SVC_Handler
 .text.DebugMon_Handler
                0x0000000008001696        0xc ./Core/Src/stm32f1xx_it.o
                0x0000000008001696                DebugMon_Handler
 .text.PendSV_Handler
                0x00000000080016a2        0xc ./Core/Src/stm32f1xx_it.o
                0x00000000080016a2                PendSV_Handler
 .text.SysTick_Handler
                0x00000000080016ae        0xc ./Core/Src/stm32f1xx_it.o
                0x00000000080016ae                SysTick_Handler
 *fill*         0x00000000080016ba        0x2 
 .text.TIM2_IRQHandler
                0x00000000080016bc       0x14 ./Core/Src/stm32f1xx_it.o
                0x00000000080016bc                TIM2_IRQHandler
 .text.SystemInit
                0x00000000080016d0        0xc ./Core/Src/system_stm32f1xx.o
                0x00000000080016d0                SystemInit
 .text.setTimer0
                0x00000000080016dc       0x34 ./Core/Src/timer.o
                0x00000000080016dc                setTimer0
 .text.setTimer1
                0x0000000008001710       0x34 ./Core/Src/timer.o
                0x0000000008001710                setTimer1
 .text.setTimer2
                0x0000000008001744       0x34 ./Core/Src/timer.o
                0x0000000008001744                setTimer2
 .text.setTimer4
                0x0000000008001778       0x34 ./Core/Src/timer.o
                0x0000000008001778                setTimer4
 .text.timer_run
                0x00000000080017ac       0xd4 ./Core/Src/timer.o
                0x00000000080017ac                timer_run
 .text.Reset_Handler
                0x0000000008001880       0x48 ./Core/Startup/startup_stm32f103c6ux.o
                0x0000000008001880                Reset_Handler
 .text.Default_Handler
                0x00000000080018c8        0x2 ./Core/Startup/startup_stm32f103c6ux.o
                0x00000000080018c8                RTC_Alarm_IRQHandler
                0x00000000080018c8                EXTI2_IRQHandler
                0x00000000080018c8                TIM1_CC_IRQHandler
                0x00000000080018c8                PVD_IRQHandler
                0x00000000080018c8                EXTI3_IRQHandler
                0x00000000080018c8                EXTI0_IRQHandler
                0x00000000080018c8                ADC1_2_IRQHandler
                0x00000000080018c8                SPI1_IRQHandler
                0x00000000080018c8                TAMPER_IRQHandler
                0x00000000080018c8                DMA1_Channel4_IRQHandler
                0x00000000080018c8                RTC_IRQHandler
                0x00000000080018c8                DMA1_Channel7_IRQHandler
                0x00000000080018c8                CAN1_RX1_IRQHandler
                0x00000000080018c8                I2C1_EV_IRQHandler
                0x00000000080018c8                DMA1_Channel6_IRQHandler
                0x00000000080018c8                TIM3_IRQHandler
                0x00000000080018c8                RCC_IRQHandler
                0x00000000080018c8                TIM1_TRG_COM_IRQHandler
                0x00000000080018c8                DMA1_Channel1_IRQHandler
                0x00000000080018c8                Default_Handler
                0x00000000080018c8                EXTI15_10_IRQHandler
                0x00000000080018c8                EXTI9_5_IRQHandler
                0x00000000080018c8                DMA1_Channel5_IRQHandler
                0x00000000080018c8                EXTI4_IRQHandler
                0x00000000080018c8                USB_LP_CAN1_RX0_IRQHandler
                0x00000000080018c8                USB_HP_CAN1_TX_IRQHandler
                0x00000000080018c8                DMA1_Channel3_IRQHandler
                0x00000000080018c8                TIM1_UP_IRQHandler
                0x00000000080018c8                WWDG_IRQHandler
                0x00000000080018c8                TIM1_BRK_IRQHandler
                0x00000000080018c8                EXTI1_IRQHandler
                0x00000000080018c8                USART2_IRQHandler
                0x00000000080018c8                DMA1_Channel2_IRQHandler
                0x00000000080018c8                CAN1_SCE_IRQHandler
                0x00000000080018c8                FLASH_IRQHandler
                0x00000000080018c8                USART1_IRQHandler
                0x00000000080018c8                I2C1_ER_IRQHandler
                0x00000000080018c8                USBWakeUp_IRQHandler
 *fill*         0x00000000080018ca        0x2 
 .text.HAL_Init
                0x00000000080018cc       0x2c ./Drivers/STM32F1xx_HAL_Driver/Src/stm32f1xx_hal.o
                0x00000000080018cc                HAL_Init
 .text.HAL_InitTick
                0x00000000080018f8       0x60 ./Drivers/STM32F1xx_HAL_Driver/Src/stm32f1xx_hal.o
                0x00000000080018f8                HAL_InitTick
 .text.HAL_IncTick
                0x0000000008001958       0x24 ./Drivers/STM32F1xx_HAL_Driver/Src/stm32f1xx_hal.o
                0x0000000008001958                HAL_IncTick
 .text.HAL_GetTick
                0x000000000800197c       0x14 ./Drivers/STM32F1xx_HAL_Driver/Src/stm32f1xx_hal.o
                0x000000000800197c                HAL_GetTick
 .text.__NVIC_SetPriorityGrouping
                0x0000000008001990       0x48 ./Drivers/STM32F1xx_HAL_Driver/Src/stm32f1xx_hal_cortex.o
 .text.__NVIC_GetPriorityGrouping
                0x00000000080019d8       0x1c ./Drivers/STM32F1xx_HAL_Driver/Src/stm32f1xx_hal_cortex.o
 .text.__NVIC_EnableIRQ
                0x00000000080019f4       0x38 ./Drivers/STM32F1xx_HAL_Driver/Src/stm32f1xx_hal_cortex.o
 .text.__NVIC_SetPriority
                0x0000000008001a2c       0x54 ./Drivers/STM32F1xx_HAL_Driver/Src/stm32f1xx_hal_cortex.o
 .text.NVIC_EncodePriority
                0x0000000008001a80       0x64 ./Drivers/STM32F1xx_HAL_Driver/Src/stm32f1xx_hal_cortex.o
 .text.SysTick_Config
                0x0000000008001ae4       0x44 ./Drivers/STM32F1xx_HAL_Driver/Src/stm32f1xx_hal_cortex.o
 .text.HAL_NVIC_SetPriorityGrouping
                0x0000000008001b28       0x16 ./Drivers/STM32F1xx_HAL_Driver/Src/stm32f1xx_hal_cortex.o
                0x0000000008001b28                HAL_NVIC_SetPriorityGrouping
 .text.HAL_NVIC_SetPriority
                0x0000000008001b3e       0x38 ./Drivers/STM32F1xx_HAL_Driver/Src/stm32f1xx_hal_cortex.o
                0x0000000008001b3e                HAL_NVIC_SetPriority
 .text.HAL_NVIC_EnableIRQ
                0x0000000008001b76       0x1c ./Drivers/STM32F1xx_HAL_Driver/Src/stm32f1xx_hal_cortex.o
                0x0000000008001b76                HAL_NVIC_EnableIRQ
 .text.HAL_SYSTICK_Config
                0x0000000008001b92       0x18 ./Drivers/STM32F1xx_HAL_Driver/Src/stm32f1xx_hal_cortex.o
                0x0000000008001b92                HAL_SYSTICK_Config
 *fill*         0x0000000008001baa        0x2 
 .text.HAL_GPIO_Init
                0x0000000008001bac      0x2f4 ./Drivers/STM32F1xx_HAL_Driver/Src/stm32f1xx_hal_gpio.o
                0x0000000008001bac                HAL_GPIO_Init
 .text.HAL_GPIO_ReadPin
                0x0000000008001ea0       0x2e ./Drivers/STM32F1xx_HAL_Driver/Src/stm32f1xx_hal_gpio.o
                0x0000000008001ea0                HAL_GPIO_ReadPin
 .text.HAL_GPIO_WritePin
                0x0000000008001ece       0x30 ./Drivers/STM32F1xx_HAL_Driver/Src/stm32f1xx_hal_gpio.o
                0x0000000008001ece                HAL_GPIO_WritePin
 .text.HAL_GPIO_TogglePin
                0x0000000008001efe       0x32 ./Drivers/STM32F1xx_HAL_Driver/Src/stm32f1xx_hal_gpio.o
                0x0000000008001efe                HAL_GPIO_TogglePin
 .text.HAL_PWR_EnterSLEEPMode
                0x0000000008001f30       0x38 ./Drivers/STM32F1xx_HAL_Driver/Src/stm32f1xx_hal_pwr.o
                0x0000000008001f30                HAL_PWR_EnterSLEEPMode
 .text.HAL_RCC_OscConfig
                0x0000000008001f68      0x500 ./Drivers/STM32F1xx_HAL_Driver/Src/stm32f1xx_hal_rcc.o
                0x0000000008001f68                HAL_RCC_OscConfig
 .text.HAL_RCC_ClockConfig
                0x0000000008002468      0x1d4 ./Drivers/STM32F1xx_HAL_Driver/Src/stm32f1xx_hal_rcc.o
                0x0000000008002468                HAL_RCC_ClockConfig
 .text.HAL_RCC_GetSysClockFreq
                0x000000000800263c       0xa8 ./Drivers/STM32F1xx_HAL_Driver/Src/stm32f1xx_hal_rcc.o
                0x000000000800263c                HAL_RCC_GetSysClockFreq
 .text.RCC_Delay
                0x00000000080026e4       0x3c ./Drivers/STM32F1xx_HAL_Driver/Src/stm32f1xx_hal_rcc.o
 .text.HAL_TIM_Base_Init
                0x0000000008002720       0x9e ./Drivers/STM32F1xx_HAL_Driver/Src/stm32f1xx_hal_tim.o
                0x0000000008002720                HAL_TIM_Base_Init
 *fill*         0x00000000080027be        0x2 
 .text.HAL_TIM_Base_Start_IT
                0x00000000080027c0       0x98 ./Drivers/STM32F1xx_HAL_Driver/Src/stm32f1xx_hal_tim.o
                0x00000000080027c0                HAL_TIM_Base_Start_IT
 .text.HAL_TIM_IRQHandler
                0x0000000008002858      0x210 ./Drivers/STM32F1xx_HAL_Driver/Src/stm32f1xx_hal_tim.o
                0x0000000008002858                HAL_TIM_IRQHandler
 .text.HAL_TIM_ConfigClockSource
                0x0000000008002a68      0x18e ./Drivers/STM32F1xx_HAL_Driver/Src/stm32f1xx_hal_tim.o
                0x0000000008002a68                HAL_TIM_ConfigClockSource
 .text.HAL_TIM_OC_DelayElapsedCallback
                0x0000000008002bf6       0x12 ./Drivers/STM32F1xx_HAL_Driver/Src/stm32f1xx_hal_tim.o
                0x0000000008002bf6                HAL_TIM_OC_DelayElapsedCallback
 .text.HAL_TIM_IC_CaptureCallback
                0x0000000008002c08       0x12 ./Drivers/STM32F1xx_HAL_Driver/Src/stm32f1xx_hal_tim.o
                0x0000000008002c08                HAL_TIM_IC_CaptureCallback
 .text.HAL_TIM_PWM_PulseFinishedCallback
                0x0000000008002c1a       0x12 ./Drivers/STM32F1xx_HAL_Driver/Src/stm32f1xx_hal_tim.o
                0x0000000008002c1a                HAL_TIM_PWM_PulseFinishedCallback
 .text.HAL_TIM_TriggerCallback
                0x0000000008002c2c       0x12 ./Drivers/STM32F1xx_HAL_Driver/Src/stm32f1xx_hal_tim.o
                0x0000000008002c2c                HAL_TIM_TriggerCallback
 *fill*         0x0000000008002c3e        0x2 
 .text.TIM_Base_SetConfig
                0x0000000008002c40       0xb0 ./Drivers/STM32F1xx_HAL_Driver/Src/stm32f1xx_hal_tim.o
                0x0000000008002c40                TIM_Base_SetConfig
 .text.TIM_TI1_ConfigInputStage
                0x0000000008002cf0       0x5c ./Drivers/STM32F1xx_HAL_Driver/Src/stm32f1xx_hal_tim.o
 .text.TIM_TI2_ConfigInputStage
                0x0000000008002d4c       0x5e ./Drivers/STM32F1xx_HAL_Driver/Src/stm32f1xx_hal_tim.o
 .text.TIM_ITRx_SetConfig
                0x0000000008002daa       0x34 ./Drivers/STM32F1xx_HAL_Driver/Src/stm32f1xx_hal_tim.o
 .text.TIM_ETR_SetConfig
                0x0000000008002dde       0x3e ./Drivers/STM32F1xx_HAL_Driver/Src/stm32f1xx_hal_tim.o
                0x0000000008002dde                TIM_ETR_SetConfig
 .text.HAL_TIMEx_MasterConfigSynchronization
                0x0000000008002e1c       0xb0 ./Drivers/STM32F1xx_HAL_Driver/Src/stm32f1xx_hal_tim_ex.o
                0x0000000008002e1c                HAL_TIMEx_MasterConfigSynchronization
 .text.HAL_TIMEx_CommutCallback
                0x0000000008002ecc       0x12 ./Drivers/STM32F1xx_HAL_Driver/Src/stm32f1xx_hal_tim_ex.o
                0x0000000008002ecc                HAL_TIMEx_CommutCallback
 .text.HAL_TIMEx_BreakCallback
                0x0000000008002ede       0x12 ./Drivers/STM32F1xx_HAL_Driver/Src/stm32f1xx_hal_tim_ex.o
                0x0000000008002ede                HAL_TIMEx_BreakCallback
 .text.__libc_init_array
                0x0000000008002ef0       0x48 c:/st/stm32cubeide_1.7.0/stm32cubeide/plugins/com.st.stm32cube.ide.mcu.externaltools.gnu-tools-for-stm32.9-2020-q2-update.win32_2.0.0.202105311346/tools/bin/../lib/gcc/arm-none-eabi/9.3.1/../../../../arm-none-eabi/lib/thumb/v7-m/nofp\libc_nano.a(lib_a-init.o)
                0x0000000008002ef0                __libc_init_array
 .text.memset   0x0000000008002f38       0x10 c:/st/stm32cubeide_1.7.0/stm32cubeide/plugins/com.st.stm32cube.ide.mcu.externaltools.gnu-tools-for-stm32.9-2020-q2-update.win32_2.0.0.202105311346/tools/bin/../lib/gcc/arm-none-eabi/9.3.1/../../../../arm-none-eabi/lib/thumb/v7-m/nofp\libc_nano.a(lib_a-memset.o)
                0x0000000008002f38                memset
 *(.glue_7)
 .glue_7        0x0000000008002f48        0x0 linker stubs
 *(.glue_7t)
 .glue_7t       0x0000000008002f48        0x0 linker stubs
 *(.eh_frame)
 .eh_frame      0x0000000008002f48        0x0 c:/st/stm32cubeide_1.7.0/stm32cubeide/plugins/com.st.stm32cube.ide.mcu.externaltools.gnu-tools-for-stm32.9-2020-q2-update.win32_2.0.0.202105311346/tools/bin/../lib/gcc/arm-none-eabi/9.3.1/thumb/v7-m/nofp/crtbegin.o
 *(.init)
 .init          0x0000000008002f48        0x4 c:/st/stm32cubeide_1.7.0/stm32cubeide/plugins/com.st.stm32cube.ide.mcu.externaltools.gnu-tools-for-stm32.9-2020-q2-update.win32_2.0.0.202105311346/tools/bin/../lib/gcc/arm-none-eabi/9.3.1/thumb/v7-m/nofp/crti.o
                0x0000000008002f48                _init
 .init          0x0000000008002f4c        0x8 c:/st/stm32cubeide_1.7.0/stm32cubeide/plugins/com.st.stm32cube.ide.mcu.externaltools.gnu-tools-for-stm32.9-2020-q2-update.win32_2.0.0.202105311346/tools/bin/../lib/gcc/arm-none-eabi/9.3.1/thumb/v7-m/nofp/crtn.o
 *(.fini)
 .fini          0x0000000008002f54        0x4 c:/st/stm32cubeide_1.7.0/stm32cubeide/plugins/com.st.stm32cube.ide.mcu.externaltools.gnu-tools-for-stm32.9-2020-q2-update.win32_2.0.0.202105311346/tools/bin/../lib/gcc/arm-none-eabi/9.3.1/thumb/v7-m/nofp/crti.o
                0x0000000008002f54                _fini
 .fini          0x0000000008002f58        0x8 c:/st/stm32cubeide_1.7.0/stm32cubeide/plugins/com.st.stm32cube.ide.mcu.externaltools.gnu-tools-for-stm32.9-2020-q2-update.win32_2.0.0.202105311346/tools/bin/../lib/gcc/arm-none-eabi/9.3.1/thumb/v7-m/nofp/crtn.o
                0x0000000008002f60                . = ALIGN (0x4)
                0x0000000008002f60                _etext = .

.vfp11_veneer   0x0000000008002f60        0x0
 .vfp11_veneer  0x0000000008002f60        0x0 linker stubs

.v4_bx          0x0000000008002f60        0x0
 .v4_bx         0x0000000008002f60        0x0 linker stubs

.iplt           0x0000000008002f60        0x0
 .iplt          0x0000000008002f60        0x0 c:/st/stm32cubeide_1.7.0/stm32cubeide/plugins/com.st.stm32cube.ide.mcu.externaltools.gnu-tools-for-stm32.9-2020-q2-update.win32_2.0.0.202105311346/tools/bin/../lib/gcc/arm-none-eabi/9.3.1/thumb/v7-m/nofp/crtbegin.o

.rodata         0x0000000008002f60       0x24
                0x0000000008002f60                . = ALIGN (0x4)
 *(.rodata)
 *(.rodata*)
 .rodata.AHBPrescTable
                0x0000000008002f60       0x10 ./Core/Src/system_stm32f1xx.o
                0x0000000008002f60                AHBPrescTable
 .rodata.aPLLMULFactorTable.6032
                0x0000000008002f70       0x10 ./Drivers/STM32F1xx_HAL_Driver/Src/stm32f1xx_hal_rcc.o
 .rodata.aPredivFactorTable.6033
                0x0000000008002f80        0x2 ./Drivers/STM32F1xx_HAL_Driver/Src/stm32f1xx_hal_rcc.o
                0x0000000008002f84                . = ALIGN (0x4)
 *fill*         0x0000000008002f82        0x2 

.rel.dyn        0x0000000008002f84        0x0
 .rel.iplt      0x0000000008002f84        0x0 c:/st/stm32cubeide_1.7.0/stm32cubeide/plugins/com.st.stm32cube.ide.mcu.externaltools.gnu-tools-for-stm32.9-2020-q2-update.win32_2.0.0.202105311346/tools/bin/../lib/gcc/arm-none-eabi/9.3.1/thumb/v7-m/nofp/crtbegin.o

.ARM.extab      0x0000000008002f84        0x0
                0x0000000008002f84                . = ALIGN (0x4)
 *(.ARM.extab* .gnu.linkonce.armextab.*)
                0x0000000008002f84                . = ALIGN (0x4)

.ARM            0x0000000008002f84        0x0
                0x0000000008002f84                . = ALIGN (0x4)
                0x0000000008002f84                __exidx_start = .
 *(.ARM.exidx*)
                0x0000000008002f84                __exidx_end = .
                0x0000000008002f84                . = ALIGN (0x4)

.preinit_array  0x0000000008002f84        0x0
                0x0000000008002f84                . = ALIGN (0x4)
                0x0000000008002f84                PROVIDE (__preinit_array_start = .)
 *(.preinit_array*)
                0x0000000008002f84                PROVIDE (__preinit_array_end = .)
                0x0000000008002f84                . = ALIGN (0x4)

.init_array     0x0000000008002f84        0x4
                0x0000000008002f84                . = ALIGN (0x4)
                0x0000000008002f84                PROVIDE (__init_array_start = .)
 *(SORT_BY_NAME(.init_array.*))
 *(.init_array*)
 .init_array    0x0000000008002f84        0x4 c:/st/stm32cubeide_1.7.0/stm32cubeide/plugins/com.st.stm32cube.ide.mcu.externaltools.gnu-tools-for-stm32.9-2020-q2-update.win32_2.0.0.202105311346/tools/bin/../lib/gcc/arm-none-eabi/9.3.1/thumb/v7-m/nofp/crtbegin.o
                0x0000000008002f88                PROVIDE (__init_array_end = .)
                0x0000000008002f88                . = ALIGN (0x4)

.fini_array     0x0000000008002f88        0x4
                0x0000000008002f88                . = ALIGN (0x4)
                [!provide]                        PROVIDE (__fini_array_start = .)
 *(SORT_BY_NAME(.fini_array.*))
 *(.fini_array*)
 .fini_array    0x0000000008002f88        0x4 c:/st/stm32cubeide_1.7.0/stm32cubeide/plugins/com.st.stm32cube.ide.mcu.externaltools.gnu-tools-for-stm32.9-2020-q2-update.win32_2.0.0.202105311346/tools/bin/../lib/gcc/arm-none-eabi/9.3.1/thumb/v7-m/nofp/crtbegin.o
                [!provide]                        PROVIDE (__fini_array_end = .)
                0x0000000008002f8c                . = ALIGN (0x4)
                0x0000000008002f8c                _sidata = LOADADDR (.data)

.data           0x0000000020000000       0x3c load address 0x0000000008002f8c
                0x0000000020000000                . = ALIGN (0x4)
                0x0000000020000000                _sdata = .
 *(.data)
 *(.data*)
 .data.T_RED    0x0000000020000000        0x4 ./Core/Src/global.o
                0x0000000020000000                T_RED
 .data.T_AMBER  0x0000000020000004        0x4 ./Core/Src/global.o
                0x0000000020000004                T_AMBER
 .data.T_GREEN  0x0000000020000008        0x4 ./Core/Src/global.o
                0x0000000020000008                T_GREEN
 .data.status   0x000000002000000c        0x4 ./Core/Src/global.o
                0x000000002000000c                status
 .data.button_1_state
                0x0000000020000010        0x1 ./Core/Src/input_processing.o
                0x0000000020000010                button_1_state
 .data.button_2_state
                0x0000000020000011        0x1 ./Core/Src/input_processing.o
                0x0000000020000011                button_2_state
 .data.button_3_state
                0x0000000020000012        0x1 ./Core/Src/input_processing.o
                0x0000000020000012                button_3_state
 *fill*         0x0000000020000013        0x1 
 .data.button_pins
                0x0000000020000014        0x6 ./Core/Src/input_reading.o
 *fill*         0x000000002000001a        0x2 
 .data.seven_seg_buffer
                0x000000002000001c       0x10 ./Core/Src/seven_seg.o
                0x000000002000001c                seven_seg_buffer
 .data.SystemCoreClock
                0x000000002000002c        0x4 ./Core/Src/system_stm32f1xx.o
                0x000000002000002c                SystemCoreClock
 .data.TIMER_CYCLE
                0x0000000020000030        0x4 ./Core/Src/timer.o
                0x0000000020000030                TIMER_CYCLE
 .data.uwTickPrio
                0x0000000020000034        0x4 ./Drivers/STM32F1xx_HAL_Driver/Src/stm32f1xx_hal.o
                0x0000000020000034                uwTickPrio
 .data.uwTickFreq
                0x0000000020000038        0x1 ./Drivers/STM32F1xx_HAL_Driver/Src/stm32f1xx_hal.o
                0x0000000020000038                uwTickFreq
 *(.RamFunc)
 *(.RamFunc*)
                0x000000002000003c                . = ALIGN (0x4)
 *fill*         0x0000000020000039        0x3 
                0x000000002000003c                _edata = .

.igot.plt       0x000000002000003c        0x0 load address 0x0000000008002fc8
 .igot.plt      0x000000002000003c        0x0 c:/st/stm32cubeide_1.7.0/stm32cubeide/plugins/com.st.stm32cube.ide.mcu.externaltools.gnu-tools-for-stm32.9-2020-q2-update.win32_2.0.0.202105311346/tools/bin/../lib/gcc/arm-none-eabi/9.3.1/thumb/v7-m/nofp/crtbegin.o
                0x000000002000003c                . = ALIGN (0x4)

.bss            0x000000002000003c      0x15c load address 0x0000000008002fc8
                0x000000002000003c                _sbss = .
                0x000000002000003c                __bss_start__ = _sbss
 *(.bss)
 .bss           0x000000002000003c       0x1c c:/st/stm32cubeide_1.7.0/stm32cubeide/plugins/com.st.stm32cube.ide.mcu.externaltools.gnu-tools-for-stm32.9-2020-q2-update.win32_2.0.0.202105311346/tools/bin/../lib/gcc/arm-none-eabi/9.3.1/thumb/v7-m/nofp/crtbegin.o
 *(.bss*)
 .bss.counter_1
                0x0000000020000058        0x4 ./Core/Src/fsm_automatic.o
                0x0000000020000058                counter_1
 .bss.counter_2
                0x000000002000005c        0x4 ./Core/Src/fsm_automatic.o
                0x000000002000005c                counter_2
 .bss.buttonBuffer
                0x0000000020000060        0x3 ./Core/Src/input_reading.o
 *fill*         0x0000000020000063        0x1 
 .bss.debounceButtonBuffer1
                0x0000000020000064        0x3 ./Core/Src/input_reading.o
 *fill*         0x0000000020000067        0x1 
 .bss.debounceButtonBuffer2
                0x0000000020000068        0x3 ./Core/Src/input_reading.o
 *fill*         0x000000002000006b        0x1 
 .bss.flagForButtonPress1s
                0x000000002000006c        0x3 ./Core/Src/input_reading.o
 *fill*         0x000000002000006f        0x1 
 .bss.counterForButtonPress1s
                0x0000000020000070        0x6 ./Core/Src/input_reading.o
 *fill*         0x0000000020000076        0x2 
 .bss.SCH_tasks_G
                0x0000000020000078       0xa0 ./Core/Src/scheduler.o
 .bss.newTaskID
                0x0000000020000118        0x4 ./Core/Src/scheduler.o
 .bss.count_SCH_Update
                0x000000002000011c        0x4 ./Core/Src/scheduler.o
 .bss.index_led
                0x0000000020000120        0x4 ./Core/Src/seven_seg.o
                0x0000000020000120                index_led
 .bss.timer0_counter
                0x0000000020000124        0x4 ./Core/Src/timer.o
                0x0000000020000124                timer0_counter
 .bss.timer1_counter
                0x0000000020000128        0x4 ./Core/Src/timer.o
                0x0000000020000128                timer1_counter
 .bss.timer2_counter
                0x000000002000012c        0x4 ./Core/Src/timer.o
                0x000000002000012c                timer2_counter
 .bss.timer3_counter
                0x0000000020000130        0x4 ./Core/Src/timer.o
                0x0000000020000130                timer3_counter
 .bss.timer4_counter
                0x0000000020000134        0x4 ./Core/Src/timer.o
                0x0000000020000134                timer4_counter
 .bss.timer0_flag
                0x0000000020000138        0x4 ./Core/Src/timer.o
                0x0000000020000138                timer0_flag
 .bss.timer1_flag
                0x000000002000013c        0x4 ./Core/Src/timer.o
                0x000000002000013c                timer1_flag
 .bss.timer2_flag
                0x0000000020000140        0x4 ./Core/Src/timer.o
                0x0000000020000140                timer2_flag
 .bss.timer3_flag
                0x0000000020000144        0x4 ./Core/Src/timer.o
                0x0000000020000144                timer3_flag
 .bss.timer4_flag
                0x0000000020000148        0x4 ./Core/Src/timer.o
                0x0000000020000148                timer4_flag
 *(COMMON)
 COMMON         0x000000002000014c       0x48 ./Core/Src/main.o
                0x000000002000014c                htim2
 COMMON         0x0000000020000194        0x4 ./Drivers/STM32F1xx_HAL_Driver/Src/stm32f1xx_hal.o
                0x0000000020000194                uwTick
                0x0000000020000198                . = ALIGN (0x4)
                0x0000000020000198                _ebss = .
                0x0000000020000198                __bss_end__ = _ebss

._user_heap_stack
                0x0000000020000198      0x600 load address 0x0000000008002fc8
                0x0000000020000198                . = ALIGN (0x8)
                [!provide]                        PROVIDE (end = .)
                0x0000000020000198                PROVIDE (_end = .)
                0x0000000020000398                . = (. + _Min_Heap_Size)
 *fill*         0x0000000020000198      0x200 
                0x0000000020000798                . = (. + _Min_Stack_Size)
 *fill*         0x0000000020000398      0x400 
                0x0000000020000798                . = ALIGN (0x8)

/DISCARD/
 libc.a(*)
 libm.a(*)
 libgcc.a(*)

.ARM.attributes
                0x0000000000000000       0x29
 *(.ARM.attributes)
 .ARM.attributes
                0x0000000000000000       0x1d c:/st/stm32cubeide_1.7.0/stm32cubeide/plugins/com.st.stm32cube.ide.mcu.externaltools.gnu-tools-for-stm32.9-2020-q2-update.win32_2.0.0.202105311346/tools/bin/../lib/gcc/arm-none-eabi/9.3.1/thumb/v7-m/nofp/crti.o
 .ARM.attributes
                0x000000000000001d       0x2d c:/st/stm32cubeide_1.7.0/stm32cubeide/plugins/com.st.stm32cube.ide.mcu.externaltools.gnu-tools-for-stm32.9-2020-q2-update.win32_2.0.0.202105311346/tools/bin/../lib/gcc/arm-none-eabi/9.3.1/thumb/v7-m/nofp/crtbegin.o
 .ARM.attributes
                0x000000000000004a       0x2d ./Core/Src/fsm_automatic.o
 .ARM.attributes
                0x0000000000000077       0x2d ./Core/Src/fsm_manual.o
 .ARM.attributes
                0x00000000000000a4       0x2d ./Core/Src/global.o
 .ARM.attributes
                0x00000000000000d1       0x2d ./Core/Src/input_processing.o
 .ARM.attributes
                0x00000000000000fe       0x2d ./Core/Src/input_reading.o
 .ARM.attributes
                0x000000000000012b       0x2d ./Core/Src/main.o
 .ARM.attributes
                0x0000000000000158       0x2d ./Core/Src/scheduler.o
 .ARM.attributes
                0x0000000000000185       0x2d ./Core/Src/seven_seg.o
 .ARM.attributes
                0x00000000000001b2       0x2d ./Core/Src/stm32f1xx_hal_msp.o
 .ARM.attributes
                0x00000000000001df       0x2d ./Core/Src/stm32f1xx_it.o
 .ARM.attributes
                0x000000000000020c       0x2d ./Core/Src/system_stm32f1xx.o
 .ARM.attributes
                0x0000000000000239       0x2d ./Core/Src/timer.o
 .ARM.attributes
                0x0000000000000266       0x21 ./Core/Startup/startup_stm32f103c6ux.o
 .ARM.attributes
                0x0000000000000287       0x2d ./Drivers/STM32F1xx_HAL_Driver/Src/stm32f1xx_hal.o
 .ARM.attributes
                0x00000000000002b4       0x2d ./Drivers/STM32F1xx_HAL_Driver/Src/stm32f1xx_hal_cortex.o
 .ARM.attributes
                0x00000000000002e1       0x2d ./Drivers/STM32F1xx_HAL_Driver/Src/stm32f1xx_hal_gpio.o
 .ARM.attributes
                0x000000000000030e       0x2d ./Drivers/STM32F1xx_HAL_Driver/Src/stm32f1xx_hal_pwr.o
 .ARM.attributes
                0x000000000000033b       0x2d ./Drivers/STM32F1xx_HAL_Driver/Src/stm32f1xx_hal_rcc.o
 .ARM.attributes
                0x0000000000000368       0x2d ./Drivers/STM32F1xx_HAL_Driver/Src/stm32f1xx_hal_tim.o
 .ARM.attributes
                0x0000000000000395       0x2d ./Drivers/STM32F1xx_HAL_Driver/Src/stm32f1xx_hal_tim_ex.o
 .ARM.attributes
                0x00000000000003c2       0x2d c:/st/stm32cubeide_1.7.0/stm32cubeide/plugins/com.st.stm32cube.ide.mcu.externaltools.gnu-tools-for-stm32.9-2020-q2-update.win32_2.0.0.202105311346/tools/bin/../lib/gcc/arm-none-eabi/9.3.1/../../../../arm-none-eabi/lib/thumb/v7-m/nofp\libc_nano.a(lib_a-init.o)
 .ARM.attributes
                0x00000000000003ef       0x2d c:/st/stm32cubeide_1.7.0/stm32cubeide/plugins/com.st.stm32cube.ide.mcu.externaltools.gnu-tools-for-stm32.9-2020-q2-update.win32_2.0.0.202105311346/tools/bin/../lib/gcc/arm-none-eabi/9.3.1/../../../../arm-none-eabi/lib/thumb/v7-m/nofp\libc_nano.a(lib_a-memset.o)
 .ARM.attributes
                0x000000000000041c       0x1d c:/st/stm32cubeide_1.7.0/stm32cubeide/plugins/com.st.stm32cube.ide.mcu.externaltools.gnu-tools-for-stm32.9-2020-q2-update.win32_2.0.0.202105311346/tools/bin/../lib/gcc/arm-none-eabi/9.3.1/thumb/v7-m/nofp/crtn.o
OUTPUT(MCU_Lab_5_Scheduler.elf elf32-littlearm)
LOAD linker stubs
LOAD c:/st/stm32cubeide_1.7.0/stm32cubeide/plugins/com.st.stm32cube.ide.mcu.externaltools.gnu-tools-for-stm32.9-2020-q2-update.win32_2.0.0.202105311346/tools/bin/../lib/gcc/arm-none-eabi/9.3.1/../../../../arm-none-eabi/lib/thumb/v7-m/nofp\libc.a
LOAD c:/st/stm32cubeide_1.7.0/stm32cubeide/plugins/com.st.stm32cube.ide.mcu.externaltools.gnu-tools-for-stm32.9-2020-q2-update.win32_2.0.0.202105311346/tools/bin/../lib/gcc/arm-none-eabi/9.3.1/../../../../arm-none-eabi/lib/thumb/v7-m/nofp\libm.a
LOAD c:/st/stm32cubeide_1.7.0/stm32cubeide/plugins/com.st.stm32cube.ide.mcu.externaltools.gnu-tools-for-stm32.9-2020-q2-update.win32_2.0.0.202105311346/tools/bin/../lib/gcc/arm-none-eabi/9.3.1/thumb/v7-m/nofp\libgcc.a

.debug_info     0x0000000000000000     0xa30d
 .debug_info    0x0000000000000000      0x222 ./Core/Src/fsm_automatic.o
 .debug_info    0x0000000000000222      0x2b4 ./Core/Src/fsm_manual.o
 .debug_info    0x00000000000004d6      0x2a7 ./Core/Src/global.o
 .debug_info    0x000000000000077d      0x21d ./Core/Src/input_processing.o
 .debug_info    0x000000000000099a      0x353 ./Core/Src/input_reading.o
 .debug_info    0x0000000000000ced      0xc00 ./Core/Src/main.o
 .debug_info    0x00000000000018ed      0x36a ./Core/Src/scheduler.o
 .debug_info    0x0000000000001c57      0x37c ./Core/Src/seven_seg.o
 .debug_info    0x0000000000001fd3      0xa09 ./Core/Src/stm32f1xx_hal_msp.o
 .debug_info    0x00000000000029dc      0x7b9 ./Core/Src/stm32f1xx_it.o
 .debug_info    0x0000000000003195      0x2be ./Core/Src/system_stm32f1xx.o
 .debug_info    0x0000000000003453      0x339 ./Core/Src/timer.o
 .debug_info    0x000000000000378c       0x22 ./Core/Startup/startup_stm32f103c6ux.o
 .debug_info    0x00000000000037ae      0x74c ./Drivers/STM32F1xx_HAL_Driver/Src/stm32f1xx_hal.o
 .debug_info    0x0000000000003efa      0xbbe ./Drivers/STM32F1xx_HAL_Driver/Src/stm32f1xx_hal_cortex.o
 .debug_info    0x0000000000004ab8      0x701 ./Drivers/STM32F1xx_HAL_Driver/Src/stm32f1xx_hal_gpio.o
 .debug_info    0x00000000000051b9      0x730 ./Drivers/STM32F1xx_HAL_Driver/Src/stm32f1xx_hal_pwr.o
 .debug_info    0x00000000000058e9      0x893 ./Drivers/STM32F1xx_HAL_Driver/Src/stm32f1xx_hal_rcc.o
 .debug_info    0x000000000000617c     0x2c12 ./Drivers/STM32F1xx_HAL_Driver/Src/stm32f1xx_hal_tim.o
 .debug_info    0x0000000000008d8e     0x157f ./Drivers/STM32F1xx_HAL_Driver/Src/stm32f1xx_hal_tim_ex.o

.debug_abbrev   0x0000000000000000     0x2033
 .debug_abbrev  0x0000000000000000       0xc9 ./Core/Src/fsm_automatic.o
 .debug_abbrev  0x00000000000000c9       0xf6 ./Core/Src/fsm_manual.o
 .debug_abbrev  0x00000000000001bf      0x105 ./Core/Src/global.o
 .debug_abbrev  0x00000000000002c4       0xde ./Core/Src/input_processing.o
 .debug_abbrev  0x00000000000003a2      0x152 ./Core/Src/input_reading.o
 .debug_abbrev  0x00000000000004f4      0x22c ./Core/Src/main.o
 .debug_abbrev  0x0000000000000720      0x1a2 ./Core/Src/scheduler.o
 .debug_abbrev  0x00000000000008c2      0x186 ./Core/Src/seven_seg.o
 .debug_abbrev  0x0000000000000a48      0x1b7 ./Core/Src/stm32f1xx_hal_msp.o
 .debug_abbrev  0x0000000000000bff      0x176 ./Core/Src/stm32f1xx_it.o
 .debug_abbrev  0x0000000000000d75      0x14e ./Core/Src/system_stm32f1xx.o
 .debug_abbrev  0x0000000000000ec3      0x12c ./Core/Src/timer.o
 .debug_abbrev  0x0000000000000fef       0x12 ./Core/Startup/startup_stm32f103c6ux.o
 .debug_abbrev  0x0000000000001001      0x1ed ./Drivers/STM32F1xx_HAL_Driver/Src/stm32f1xx_hal.o
 .debug_abbrev  0x00000000000011ee      0x313 ./Drivers/STM32F1xx_HAL_Driver/Src/stm32f1xx_hal_cortex.o
 .debug_abbrev  0x0000000000001501      0x1e8 ./Drivers/STM32F1xx_HAL_Driver/Src/stm32f1xx_hal_gpio.o
 .debug_abbrev  0x00000000000016e9      0x213 ./Drivers/STM32F1xx_HAL_Driver/Src/stm32f1xx_hal_pwr.o
 .debug_abbrev  0x00000000000018fc      0x273 ./Drivers/STM32F1xx_HAL_Driver/Src/stm32f1xx_hal_rcc.o
 .debug_abbrev  0x0000000000001b6f      0x25e ./Drivers/STM32F1xx_HAL_Driver/Src/stm32f1xx_hal_tim.o
 .debug_abbrev  0x0000000000001dcd      0x266 ./Drivers/STM32F1xx_HAL_Driver/Src/stm32f1xx_hal_tim_ex.o

.debug_aranges  0x0000000000000000      0xb60
 .debug_aranges
                0x0000000000000000       0x20 ./Core/Src/fsm_automatic.o
 .debug_aranges
                0x0000000000000020       0x30 ./Core/Src/fsm_manual.o
 .debug_aranges
                0x0000000000000050       0x20 ./Core/Src/global.o
 .debug_aranges
                0x0000000000000070       0x20 ./Core/Src/input_processing.o
 .debug_aranges
                0x0000000000000090       0x30 ./Core/Src/input_reading.o
 .debug_aranges
                0x00000000000000c0       0x48 ./Core/Src/main.o
 .debug_aranges
                0x0000000000000108       0x40 ./Core/Src/scheduler.o
 .debug_aranges
                0x0000000000000148       0x40 ./Core/Src/seven_seg.o
 .debug_aranges
                0x0000000000000188       0x30 ./Core/Src/stm32f1xx_hal_msp.o
 .debug_aranges
                0x00000000000001b8       0x68 ./Core/Src/stm32f1xx_it.o
 .debug_aranges
                0x0000000000000220       0x28 ./Core/Src/system_stm32f1xx.o
 .debug_aranges
                0x0000000000000248       0x48 ./Core/Src/timer.o
 .debug_aranges
                0x0000000000000290       0x28 ./Core/Startup/startup_stm32f103c6ux.o
 .debug_aranges
                0x00000000000002b8       0xe0 ./Drivers/STM32F1xx_HAL_Driver/Src/stm32f1xx_hal.o
 .debug_aranges
                0x0000000000000398      0x100 ./Drivers/STM32F1xx_HAL_Driver/Src/stm32f1xx_hal_cortex.o
 .debug_aranges
                0x0000000000000498       0x58 ./Drivers/STM32F1xx_HAL_Driver/Src/stm32f1xx_hal_gpio.o
 .debug_aranges
                0x00000000000004f0       0xa8 ./Drivers/STM32F1xx_HAL_Driver/Src/stm32f1xx_hal_pwr.o
 .debug_aranges
                0x0000000000000598       0x90 ./Drivers/STM32F1xx_HAL_Driver/Src/stm32f1xx_hal_rcc.o
 .debug_aranges
                0x0000000000000628      0x3d0 ./Drivers/STM32F1xx_HAL_Driver/Src/stm32f1xx_hal_tim.o
 .debug_aranges
                0x00000000000009f8      0x168 ./Drivers/STM32F1xx_HAL_Driver/Src/stm32f1xx_hal_tim_ex.o

.debug_ranges   0x0000000000000000      0xa28
 .debug_ranges  0x0000000000000000       0x10 ./Core/Src/fsm_automatic.o
 .debug_ranges  0x0000000000000010       0x20 ./Core/Src/fsm_manual.o
 .debug_ranges  0x0000000000000030       0x10 ./Core/Src/global.o
 .debug_ranges  0x0000000000000040       0x10 ./Core/Src/input_processing.o
 .debug_ranges  0x0000000000000050       0x20 ./Core/Src/input_reading.o
 .debug_ranges  0x0000000000000070       0x38 ./Core/Src/main.o
 .debug_ranges  0x00000000000000a8       0x30 ./Core/Src/scheduler.o
 .debug_ranges  0x00000000000000d8       0x30 ./Core/Src/seven_seg.o
 .debug_ranges  0x0000000000000108       0x20 ./Core/Src/stm32f1xx_hal_msp.o
 .debug_ranges  0x0000000000000128       0x58 ./Core/Src/stm32f1xx_it.o
 .debug_ranges  0x0000000000000180       0x18 ./Core/Src/system_stm32f1xx.o
 .debug_ranges  0x0000000000000198       0x38 ./Core/Src/timer.o
 .debug_ranges  0x00000000000001d0       0x20 ./Core/Startup/startup_stm32f103c6ux.o
 .debug_ranges  0x00000000000001f0       0xd0 ./Drivers/STM32F1xx_HAL_Driver/Src/stm32f1xx_hal.o
 .debug_ranges  0x00000000000002c0       0xf0 ./Drivers/STM32F1xx_HAL_Driver/Src/stm32f1xx_hal_cortex.o
 .debug_ranges  0x00000000000003b0       0x48 ./Drivers/STM32F1xx_HAL_Driver/Src/stm32f1xx_hal_gpio.o
 .debug_ranges  0x00000000000003f8       0x98 ./Drivers/STM32F1xx_HAL_Driver/Src/stm32f1xx_hal_pwr.o
 .debug_ranges  0x0000000000000490       0x80 ./Drivers/STM32F1xx_HAL_Driver/Src/stm32f1xx_hal_rcc.o
 .debug_ranges  0x0000000000000510      0x3c0 ./Drivers/STM32F1xx_HAL_Driver/Src/stm32f1xx_hal_tim.o
 .debug_ranges  0x00000000000008d0      0x158 ./Drivers/STM32F1xx_HAL_Driver/Src/stm32f1xx_hal_tim_ex.o

.debug_macro    0x0000000000000000    0x17393
 .debug_macro   0x0000000000000000      0x1d7 ./Core/Src/fsm_automatic.o
 .debug_macro   0x00000000000001d7      0xa9c ./Core/Src/fsm_automatic.o
 .debug_macro   0x0000000000000c73      0x215 ./Core/Src/fsm_automatic.o
 .debug_macro   0x0000000000000e88       0x2e ./Core/Src/fsm_automatic.o
 .debug_macro   0x0000000000000eb6       0x22 ./Core/Src/fsm_automatic.o
 .debug_macro   0x0000000000000ed8       0x22 ./Core/Src/fsm_automatic.o
 .debug_macro   0x0000000000000efa       0x8e ./Core/Src/fsm_automatic.o
 .debug_macro   0x0000000000000f88       0x51 ./Core/Src/fsm_automatic.o
 .debug_macro   0x0000000000000fd9      0x103 ./Core/Src/fsm_automatic.o
 .debug_macro   0x00000000000010dc       0x6a ./Core/Src/fsm_automatic.o
 .debug_macro   0x0000000000001146      0x1df ./Core/Src/fsm_automatic.o
 .debug_macro   0x0000000000001325       0x1c ./Core/Src/fsm_automatic.o
 .debug_macro   0x0000000000001341       0x22 ./Core/Src/fsm_automatic.o
 .debug_macro   0x0000000000001363       0xc3 ./Core/Src/fsm_automatic.o
 .debug_macro   0x0000000000001426      0xd23 ./Core/Src/fsm_automatic.o
 .debug_macro   0x0000000000002149     0xde75 ./Core/Src/fsm_automatic.o
 .debug_macro   0x000000000000ffbe       0x6d ./Core/Src/fsm_automatic.o
 .debug_macro   0x000000000001002b     0x348d ./Core/Src/fsm_automatic.o
 .debug_macro   0x00000000000134b8      0x174 ./Core/Src/fsm_automatic.o
 .debug_macro   0x000000000001362c       0x5c ./Core/Src/fsm_automatic.o
 .debug_macro   0x0000000000013688      0x5bc ./Core/Src/fsm_automatic.o
 .debug_macro   0x0000000000013c44      0x1b7 ./Core/Src/fsm_automatic.o
 .debug_macro   0x0000000000013dfb      0x1cb ./Core/Src/fsm_automatic.o
 .debug_macro   0x0000000000013fc6      0x114 ./Core/Src/fsm_automatic.o
 .debug_macro   0x00000000000140da      0x1b2 ./Core/Src/fsm_automatic.o
 .debug_macro   0x000000000001428c       0x27 ./Core/Src/fsm_automatic.o
 .debug_macro   0x00000000000142b3      0x12f ./Core/Src/fsm_automatic.o
 .debug_macro   0x00000000000143e2      0x1bc ./Core/Src/fsm_automatic.o
 .debug_macro   0x000000000001459e       0x34 ./Core/Src/fsm_automatic.o
 .debug_macro   0x00000000000145d2       0x3c ./Core/Src/fsm_automatic.o
 .debug_macro   0x000000000001460e       0x57 ./Core/Src/fsm_automatic.o
 .debug_macro   0x0000000000014665       0x87 ./Core/Src/fsm_automatic.o
 .debug_macro   0x00000000000146ec      0x183 ./Core/Src/fsm_automatic.o
 .debug_macro   0x000000000001486f      0x140 ./Core/Src/fsm_automatic.o
 .debug_macro   0x00000000000149af      0x8ed ./Core/Src/fsm_automatic.o
 .debug_macro   0x000000000001529c       0x69 ./Core/Src/fsm_automatic.o
 .debug_macro   0x0000000000015305       0xf4 ./Core/Src/fsm_automatic.o
 .debug_macro   0x00000000000153f9       0x64 ./Core/Src/fsm_automatic.o
 .debug_macro   0x000000000001545d      0x1cd ./Core/Src/fsm_manual.o
 .debug_macro   0x000000000001562a      0x1af ./Core/Src/global.o
 .debug_macro   0x00000000000157d9      0x1cd ./Core/Src/input_processing.o
 .debug_macro   0x00000000000159a6      0x1c4 ./Core/Src/input_reading.o
 .debug_macro   0x0000000000015b6a      0x1f4 ./Core/Src/main.o
 .debug_macro   0x0000000000015d5e       0x16 ./Core/Src/main.o
 .debug_macro   0x0000000000015d74      0x1af ./Core/Src/scheduler.o
 .debug_macro   0x0000000000015f23      0x1b0 ./Core/Src/seven_seg.o
 .debug_macro   0x00000000000160d3      0x1a6 ./Core/Src/stm32f1xx_hal_msp.o
 .debug_macro   0x0000000000016279      0x1b0 ./Core/Src/stm32f1xx_it.o
 .debug_macro   0x0000000000016429      0x197 ./Core/Src/system_stm32f1xx.o
 .debug_macro   0x00000000000165c0      0x1b0 ./Core/Src/timer.o
 .debug_macro   0x0000000000016770      0x1bb ./Drivers/STM32F1xx_HAL_Driver/Src/stm32f1xx_hal.o
 .debug_macro   0x000000000001692b      0x197 ./Drivers/STM32F1xx_HAL_Driver/Src/stm32f1xx_hal_cortex.o
 .debug_macro   0x0000000000016ac2      0x202 ./Drivers/STM32F1xx_HAL_Driver/Src/stm32f1xx_hal_gpio.o
 .debug_macro   0x0000000000016cc4      0x1f7 ./Drivers/STM32F1xx_HAL_Driver/Src/stm32f1xx_hal_pwr.o
 .debug_macro   0x0000000000016ebb      0x1a9 ./Drivers/STM32F1xx_HAL_Driver/Src/stm32f1xx_hal_rcc.o
 .debug_macro   0x0000000000017064      0x198 ./Drivers/STM32F1xx_HAL_Driver/Src/stm32f1xx_hal_tim.o
 .debug_macro   0x00000000000171fc      0x197 ./Drivers/STM32F1xx_HAL_Driver/Src/stm32f1xx_hal_tim_ex.o

.debug_line     0x0000000000000000     0xd888
 .debug_line    0x0000000000000000      0x775 ./Core/Src/fsm_automatic.o
 .debug_line    0x0000000000000775      0x74d ./Core/Src/fsm_manual.o
 .debug_line    0x0000000000000ec2      0x67f ./Core/Src/global.o
 .debug_line    0x0000000000001541      0x869 ./Core/Src/input_processing.o
 .debug_line    0x0000000000001daa      0x6f0 ./Core/Src/input_reading.o
 .debug_line    0x000000000000249a      0x801 ./Core/Src/main.o
 .debug_line    0x0000000000002c9b      0x942 ./Core/Src/scheduler.o
 .debug_line    0x00000000000035dd      0x73f ./Core/Src/seven_seg.o
 .debug_line    0x0000000000003d1c      0x6a1 ./Core/Src/stm32f1xx_hal_msp.o
 .debug_line    0x00000000000043bd      0x73f ./Core/Src/stm32f1xx_it.o
 .debug_line    0x0000000000004afc      0x6e3 ./Core/Src/system_stm32f1xx.o
 .debug_line    0x00000000000051df      0x75e ./Core/Src/timer.o
 .debug_line    0x000000000000593d       0x86 ./Core/Startup/startup_stm32f103c6ux.o
 .debug_line    0x00000000000059c3      0x910 ./Drivers/STM32F1xx_HAL_Driver/Src/stm32f1xx_hal.o
 .debug_line    0x00000000000062d3      0xaf8 ./Drivers/STM32F1xx_HAL_Driver/Src/stm32f1xx_hal_cortex.o
 .debug_line    0x0000000000006dcb      0x993 ./Drivers/STM32F1xx_HAL_Driver/Src/stm32f1xx_hal_gpio.o
 .debug_line    0x000000000000775e      0x892 ./Drivers/STM32F1xx_HAL_Driver/Src/stm32f1xx_hal_pwr.o
 .debug_line    0x0000000000007ff0      0xd1c ./Drivers/STM32F1xx_HAL_Driver/Src/stm32f1xx_hal_rcc.o
 .debug_line    0x0000000000008d0c     0x3346 ./Drivers/STM32F1xx_HAL_Driver/Src/stm32f1xx_hal_tim.o
 .debug_line    0x000000000000c052     0x1836 ./Drivers/STM32F1xx_HAL_Driver/Src/stm32f1xx_hal_tim_ex.o

.debug_str      0x0000000000000000    0x82b10
 .debug_str     0x0000000000000000    0x7f7dd ./Core/Src/fsm_automatic.o
                                      0x7fb12 (size before relaxing)
 .debug_str     0x000000000007f7dd       0x7c ./Core/Src/fsm_manual.o
                                      0x7fb2d (size before relaxing)
 .debug_str     0x000000000007f859       0x20 ./Core/Src/global.o
                                      0x7fab3 (size before relaxing)
 .debug_str     0x000000000007f879       0xc8 ./Core/Src/input_processing.o
                                      0x7fb3c (size before relaxing)
 .debug_str     0x000000000007f941      0x158 ./Core/Src/input_reading.o
                                      0x7fb1c (size before relaxing)
 .debug_str     0x000000000007fa99      0x709 ./Core/Src/main.o
                                      0x802fd (size before relaxing)
 .debug_str     0x00000000000801a2       0xe5 ./Core/Src/scheduler.o
                                      0x7fab7 (size before relaxing)
 .debug_str     0x0000000000080287       0xa7 ./Core/Src/seven_seg.o
                                      0x7fac1 (size before relaxing)
 .debug_str     0x000000000008032e      0x2ba ./Core/Src/stm32f1xx_hal_msp.o
                                      0x801a2 (size before relaxing)
 .debug_str     0x00000000000805e8       0xcd ./Core/Src/stm32f1xx_it.o
                                      0x7ff04 (size before relaxing)
 .debug_str     0x00000000000806b5       0x52 ./Core/Src/system_stm32f1xx.o
                                      0x7f6d2 (size before relaxing)
 .debug_str     0x0000000000080707       0xa7 ./Core/Src/timer.o
                                      0x7fa77 (size before relaxing)
 .debug_str     0x00000000000807ae       0x36 ./Core/Startup/startup_stm32f103c6ux.o
                                         0x61 (size before relaxing)
 .debug_str     0x00000000000807e4      0x304 ./Drivers/STM32F1xx_HAL_Driver/Src/stm32f1xx_hal.o
                                      0x7fd29 (size before relaxing)
 .debug_str     0x0000000000080ae8      0x300 ./Drivers/STM32F1xx_HAL_Driver/Src/stm32f1xx_hal_cortex.o
                                      0x7fd31 (size before relaxing)
 .debug_str     0x0000000000080de8      0x316 ./Drivers/STM32F1xx_HAL_Driver/Src/stm32f1xx_hal_gpio.o
                                      0x7fa96 (size before relaxing)
 .debug_str     0x00000000000810fe      0x50e ./Drivers/STM32F1xx_HAL_Driver/Src/stm32f1xx_hal_pwr.o
                                      0x7fc35 (size before relaxing)
 .debug_str     0x000000000008160c      0x243 ./Drivers/STM32F1xx_HAL_Driver/Src/stm32f1xx_hal_rcc.o
                                      0x7facf (size before relaxing)
 .debug_str     0x000000000008184f      0xdd3 ./Drivers/STM32F1xx_HAL_Driver/Src/stm32f1xx_hal_tim.o
                                      0x80aa8 (size before relaxing)
 .debug_str     0x0000000000082622      0x4ee ./Drivers/STM32F1xx_HAL_Driver/Src/stm32f1xx_hal_tim_ex.o
                                      0x80259 (size before relaxing)

.comment        0x0000000000000000       0x53
 .comment       0x0000000000000000       0x53 ./Core/Src/fsm_automatic.o
                                         0x54 (size before relaxing)
 .comment       0x0000000000000053       0x54 ./Core/Src/fsm_manual.o
 .comment       0x0000000000000053       0x54 ./Core/Src/global.o
 .comment       0x0000000000000053       0x54 ./Core/Src/input_processing.o
 .comment       0x0000000000000053       0x54 ./Core/Src/input_reading.o
 .comment       0x0000000000000053       0x54 ./Core/Src/main.o
 .comment       0x0000000000000053       0x54 ./Core/Src/scheduler.o
 .comment       0x0000000000000053       0x54 ./Core/Src/seven_seg.o
 .comment       0x0000000000000053       0x54 ./Core/Src/stm32f1xx_hal_msp.o
 .comment       0x0000000000000053       0x54 ./Core/Src/stm32f1xx_it.o
 .comment       0x0000000000000053       0x54 ./Core/Src/system_stm32f1xx.o
 .comment       0x0000000000000053       0x54 ./Core/Src/timer.o
 .comment       0x0000000000000053       0x54 ./Drivers/STM32F1xx_HAL_Driver/Src/stm32f1xx_hal.o
 .comment       0x0000000000000053       0x54 ./Drivers/STM32F1xx_HAL_Driver/Src/stm32f1xx_hal_cortex.o
 .comment       0x0000000000000053       0x54 ./Drivers/STM32F1xx_HAL_Driver/Src/stm32f1xx_hal_gpio.o
 .comment       0x0000000000000053       0x54 ./Drivers/STM32F1xx_HAL_Driver/Src/stm32f1xx_hal_pwr.o
 .comment       0x0000000000000053       0x54 ./Drivers/STM32F1xx_HAL_Driver/Src/stm32f1xx_hal_rcc.o
 .comment       0x0000000000000053       0x54 ./Drivers/STM32F1xx_HAL_Driver/Src/stm32f1xx_hal_tim.o
 .comment       0x0000000000000053       0x54 ./Drivers/STM32F1xx_HAL_Driver/Src/stm32f1xx_hal_tim_ex.o

.debug_frame    0x0000000000000000     0x2c28
 .debug_frame   0x0000000000000000       0x2c ./Core/Src/fsm_automatic.o
 .debug_frame   0x000000000000002c       0x64 ./Core/Src/fsm_manual.o
 .debug_frame   0x0000000000000090       0x2c ./Core/Src/global.o
 .debug_frame   0x00000000000000bc       0x2c ./Core/Src/input_processing.o
 .debug_frame   0x00000000000000e8       0x84 ./Core/Src/input_reading.o
 .debug_frame   0x000000000000016c       0xd4 ./Core/Src/main.o
 .debug_frame   0x0000000000000240       0xc8 ./Core/Src/scheduler.o
 .debug_frame   0x0000000000000308       0xc4 ./Core/Src/seven_seg.o
 .debug_frame   0x00000000000003cc       0x80 ./Core/Src/stm32f1xx_hal_msp.o
 .debug_frame   0x000000000000044c      0x120 ./Core/Src/stm32f1xx_it.o
 .debug_frame   0x000000000000056c       0x58 ./Core/Src/system_stm32f1xx.o
 .debug_frame   0x00000000000005c4       0xf8 ./Core/Src/timer.o
 .debug_frame   0x00000000000006bc      0x334 ./Drivers/STM32F1xx_HAL_Driver/Src/stm32f1xx_hal.o
 .debug_frame   0x00000000000009f0      0x428 ./Drivers/STM32F1xx_HAL_Driver/Src/stm32f1xx_hal_cortex.o
 .debug_frame   0x0000000000000e18      0x14c ./Drivers/STM32F1xx_HAL_Driver/Src/stm32f1xx_hal_gpio.o
 .debug_frame   0x0000000000000f64      0x270 ./Drivers/STM32F1xx_HAL_Driver/Src/stm32f1xx_hal_pwr.o
 .debug_frame   0x00000000000011d4      0x218 ./Drivers/STM32F1xx_HAL_Driver/Src/stm32f1xx_hal_rcc.o
 .debug_frame   0x00000000000013ec     0x11b8 ./Drivers/STM32F1xx_HAL_Driver/Src/stm32f1xx_hal_tim.o
 .debug_frame   0x00000000000025a4      0x638 ./Drivers/STM32F1xx_HAL_Driver/Src/stm32f1xx_hal_tim_ex.o
 .debug_frame   0x0000000000002bdc       0x2c c:/st/stm32cubeide_1.7.0/stm32cubeide/plugins/com.st.stm32cube.ide.mcu.externaltools.gnu-tools-for-stm32.9-2020-q2-update.win32_2.0.0.202105311346/tools/bin/../lib/gcc/arm-none-eabi/9.3.1/../../../../arm-none-eabi/lib/thumb/v7-m/nofp\libc_nano.a(lib_a-init.o)
 .debug_frame   0x0000000000002c08       0x20 c:/st/stm32cubeide_1.7.0/stm32cubeide/plugins/com.st.stm32cube.ide.mcu.externaltools.gnu-tools-for-stm32.9-2020-q2-update.win32_2.0.0.202105311346/tools/bin/../lib/gcc/arm-none-eabi/9.3.1/../../../../arm-none-eabi/lib/thumb/v7-m/nofp\libc_nano.a(lib_a-memset.o)
